Microchip MPLAB XC8 Compiler V1.35 ()

Linker command line:

--edf=C:\Program Files (x86)\Microchip\xc8\v1.35\dat\en_msgs.txt -cs \
  -h+dist/default/production\OBC1.X.production.sym \
  --cmf=dist/default/production\OBC1.X.production.cmf -z -Q16F877A \
  -oC:\Users\Tetsuya\AppData\Local\Temp\s3gk.2 \
  -Mdist/default/production/OBC1.X.production.map -E1 -ver=XC8 \
  -ASTACK=0110h-016fh -pstack=STACK -ACODE=00h-07FFhx4 -ASTRCODE=00h-01FFFh \
  -ASTRING=00h-0FFhx32 -ACONST=00h-0FFhx32 -AENTRY=00h-0FFhx32 \
  -ACOMMON=070h-07Fh -ABANK0=020h-06Fh -ABANK1=0A0h-0EFh \
  -ABANK2=0110h-016Fh -ABANK3=0190h-01EFh \
  -ARAM=020h-06Fh,0A0h-0EFh,0110h-016Fh,0190h-01EFh \
  -AABS1=020h-07Fh,0A0h-0EFh,0110h-016Fh,0190h-01EFh -ASFR0=00h-01Fh \
  -ASFR1=080h-09Fh -ASFR2=0100h-010Fh -ASFR3=0180h-018Fh \
  -preset_vec=00h,intentry,init,end_init -ppowerup=CODE -pcinit=CODE \
  -pfunctab=CODE -ACONFIG=02007h-02007h -pconfig=CONFIG -DCONFIG=2 \
  -AIDLOC=02000h-02003h -pidloc=IDLOC -DIDLOC=2 -AEEDATA=00h-0FFh/02100h \
  -peeprom_data=EEDATA -DEEDATA=2 -DCODE=2 -DSTRCODE=2 -DSTRING=2 -DCONST=2 \
  -DENTRY=2 -k C:\Users\Tetsuya\AppData\Local\Temp\s3gk.obj \
  dist/default/production\OBC1.X.production.obj 

Object code version is 3.11

Machine type is 16F877A



                Name                               Link     Load   Length Selector   Space Scale
C:\Users\Tetsuya\AppData\Local\Temp\s3gk.obj
                end_init                              0        0        3        0       0
                config                             2007     2007        1     400E       0
dist/default/production\OBC1.X.production.obj
                cinit                               7F5      7F5        B      FEA       0
                text29                              2AB      2AB       1D      556       0
                text28                              4F9      4F9       4B      9F2       0
                text27                              544      544       4F      A88       0
                text26                              2C8      2C8       1D      590       0
                text25                              25A      25A       10      4B4       0
                text24                              26A      26A       11      4D4       0
                text23                              235      235        B      46A       0
                text22                              28F      28F       1C      51E       0
                text21                              322      322       21      644       0
                text20                              3B8      3B8       2B      770       0
                text19                              449      449       37      892       0
                text18                              38E      38E       2A      71C       0
                text17                              480      480       37      900       0
                text16                              365      365       29      6CA       0
                text15                              593      593       63      B26       0
                text14                              343      343       22      686       0
                text13                              24C      24C        E      498       0
                text12                              662      662       80      CC4       0
                text11                              413      413       36      826       0
                text10                              302      302       20      604       0
                text9                               2E5      2E5       1D      5CA       0
                text8                               6E2      6E2       87      DC4       0
                text7                               225      225        8      44A       0
                text6                               4B7      4B7       42      96E       0
                text5                               3E3      3E3       30      7C6       0
                text4                               27B      27B       14      4F6       0
                text3                               769      769       8C      ED2       0
                text2                               220      220        5      440       0
                text1                               240      240        C      480       0
                maintext                            5F6      5F6       6C      BEC       0
                cstackBANK0                          4E       4E       1A       20       1
                cstackCOMMON                         70       70        E       70       1
                clrtext                             22D      22D        8      45A       0
                bssBANK0                             20       20       2E       20       1
                strings                               3        3        9        6       0

TOTAL           Name                               Link     Load   Length     Space
        CLASS   STACK          

        CLASS   CODE           
                end_init                              0        0        3         0
                cinit                               7F5      7F5        B         0
                text29                              2AB      2AB       1D         0
                text28                              4F9      4F9       4B         0
                text27                              544      544       4F         0
                text26                              2C8      2C8       1D         0
                text25                              25A      25A       10         0
                text24                              26A      26A       11         0
                text23                              235      235        B         0
                text22                              28F      28F       1C         0
                text21                              322      322       21         0
                text20                              3B8      3B8       2B         0
                text19                              449      449       37         0
                text18                              38E      38E       2A         0
                text17                              480      480       37         0
                text16                              365      365       29         0
                text15                              593      593       63         0
                text14                              343      343       22         0
                text13                              24C      24C        E         0
                text12                              662      662       80         0
                text11                              413      413       36         0
                text10                              302      302       20         0
                text9                               2E5      2E5       1D         0
                text8                               6E2      6E2       87         0
                text7                               225      225        8         0
                text6                               4B7      4B7       42         0
                text5                               3E3      3E3       30         0
                text4                               27B      27B       14         0
                text3                               769      769       8C         0
                text2                               220      220        5         0
                text1                               240      240        C         0
                maintext                            5F6      5F6       6C         0
                clrtext                             22D      22D        8         0

        CLASS   STRCODE        

        CLASS   STRING         
                strings                               3        3        9         0

        CLASS   CONST          

        CLASS   ENTRY          

        CLASS   COMMON         
                cstackCOMMON                         70       70        E         1

        CLASS   BANK0          
                cstackBANK0                          4E       4E       1A         1
                bssBANK0                             20       20       2E         1

        CLASS   BANK1          

        CLASS   BANK2          

        CLASS   BANK3          

        CLASS   RAM            

        CLASS   ABS1           
                abs_s1                               7E       7E        2         1

        CLASS   SFR0           

        CLASS   SFR1           

        CLASS   SFR2           

        CLASS   SFR3           

        CLASS   CONFIG         
                config                             2007     2007        1         0

        CLASS   IDLOC          

        CLASS   EEDATA         



SEGMENTS        Name                           Load    Length   Top    Selector   Space  Class     Delta

                reset_vec                      000000  000003  000003         0       0  CODE        2
                strings                        000003  000009  00000C         6       0  STRING      2
                bssBANK0                       000020  000048  000068        20       1  BANK0       1
                cstackCOMMON                   000070  00000E  00007E        70       1  COMMON      1
                text2                          000220  000005  000225       440       0  CODE        2
                text7                          000225  000008  00022D       44A       0  CODE        2
                clrtext                        00022D  000008  000235       45A       0  CODE        2
                text23                         000235  00000B  000240       46A       0  CODE        2
                text1                          000240  00000C  00024C       480       0  CODE        2
                text13                         00024C  00000E  00025A       498       0  CODE        2
                text25                         00025A  000010  00026A       4B4       0  CODE        2
                text24                         00026A  000011  00027B       4D4       0  CODE        2
                text4                          00027B  000014  00028F       4F6       0  CODE        2
                text22                         00028F  00001C  0002AB       51E       0  CODE        2
                text29                         0002AB  00001D  0002C8       556       0  CODE        2
                text26                         0002C8  00001D  0002E5       590       0  CODE        2
                text9                          0002E5  00001D  000302       5CA       0  CODE        2
                text10                         000302  000020  000322       604       0  CODE        2
                text21                         000322  000021  000343       644       0  CODE        2
                text14                         000343  000022  000365       686       0  CODE        2
                text16                         000365  000029  00038E       6CA       0  CODE        2
                text18                         00038E  00002A  0003B8       71C       0  CODE        2
                text20                         0003B8  00002B  0003E3       770       0  CODE        2
                text5                          0003E3  000030  000413       7C6       0  CODE        2
                text11                         000413  000036  000449       826       0  CODE        2
                text19                         000449  000037  000480       892       0  CODE        2
                text17                         000480  000037  0004B7       900       0  CODE        2
                text6                          0004B7  000042  0004F9       96E       0  CODE        2
                text28                         0004F9  00004B  000544       9F2       0  CODE        2
                text27                         000544  00004F  000593       A88       0  CODE        2
                text15                         000593  000063  0005F6       B26       0  CODE        2
                maintext                       0005F6  00006C  000662       BEC       0  CODE        2
                text12                         000662  000080  0006E2       CC4       0  CODE        2
                text8                          0006E2  000087  000769       DC4       0  CODE        2
                text3                          000769  00008C  0007F5       ED2       0  CODE        2
                cinit                          0007F5  00000B  000800       FEA       0  CODE        2
                config                         002007  000001  002008      400E       0  CONFIG      2


UNUSED ADDRESS RANGES

        Name                Unused          Largest block    Delta
        BANK0            0068-006F              8           1
        BANK1            00A0-00EF             50           1
        BANK2            0110-016F             60           1
        BANK3            0190-01EF             60           1
        CODE             000C-021F            214           2
                         0800-1FFF            800
        CONST            000C-021F            100           2
                         0800-1FFF            100
        EEDATA           2100-21FF            100           2
        ENTRY            000C-021F            100           2
                         0800-1FFF            100
        IDLOC            2000-2003              4           2
        RAM              0068-006F              8           1
                         00A0-00EF             50
                         0110-016F             60
                         0190-01EF             60
        SFR0             0000-001F             20           1
        SFR1             0080-009F             20           1
        SFR2             0100-010F             10           1
        SFR3             0180-018F             10           1
        STACK            0110-016F             60           1
        STRCODE          000C-021F            214           2
                         0800-1FFF           1800
        STRING           000C-021F            100           2
                         0800-1FFF            100

                                  Symbol Table

?___wmul                              cstackCOMMON 0070
?_get_adcon                           cstackCOMMON 0076
COM_status@COM_stat                   cstackCOMMON 0077
I2Ctemp_data_set@I2CTEMP_data         cstackBANK0  005E
MCLR_init@nin                         cstackCOMMON 0070
MCLR_reset@nin                        cstackCOMMON 0073
MCLR_reset@resetted_mcu               cstackCOMMON 0072
_ADCON0                               (abs)        001F
_ADCON0bits                           (abs)        001F
_ADCON1                               (abs)        009F
_ADRESH                               (abs)        001E
_ADRESL                               (abs)        009E
_COM_status                           text26       02C8
_I2Ctemp_data_set                     text14       0343
_LED_data_set                         text13       024C
_MCLR_init                            text25       025A
_MCLR_reset                           text29       02AB
_PORTAbits                            (abs)        0005
_PORTCbits                            (abs)        0007
_PORTDbits                            (abs)        0008
_POW_status                           text24       026A
_RCIF                                 (abs)        0065
_RCREG                                (abs)        001A
_RCSTA                                (abs)        0018
_SPBRG                                (abs)        0099
_SSPBUF                               (abs)        0013
_SSPCONbits                           (abs)        0014
_SSPSTATbits                          (abs)        0094
_TRISAbits                            (abs)        0085
_TRISCbits                            (abs)        0087
_TRISDbits                            (abs)        0088
_TRISEbits                            (abs)        0089
_TXIF                                 (abs)        0064
_TXREG                                (abs)        0019
_TXSTA                                (abs)        0098
__CFG_BOREN$ON                        (abs)        0000
__CFG_CP$OFF                          (abs)        0000
__CFG_CPD$OFF                         (abs)        0000
__CFG_FOSC$HS                         (abs)        0000
__CFG_LVP$OFF                         (abs)        0000
__CFG_PWRTE$ON                        (abs)        0000
__CFG_WDTE$OFF                        (abs)        0000
__CFG_WRT$OFF                         (abs)        0000
__Habs1                               abs1         0000
__Hbank0                              bank0        0000
__Hbank1                              bank1        0000
__Hbank2                              bank2        0000
__Hbank3                              bank3        0000
__HbssBANK0                           bssBANK0     0000
__Hcinit                              cinit        0800
__Hclrtext                            clrtext      0000
__Hcode                               code         0000
__Hcommon                             common       0000
__Hconfig                             config       2008
__HcstackBANK0                        cstackBANK0  0000
__HcstackCOMMON                       cstackCOMMON 0000
__Heeprom_data                        eeprom_data  0000
__Hend_init                           end_init     0003
__Hfunctab                            functab      0000
__Hidloc                              idloc        0000
__Hinit                               init         0000
__Hintentry                           intentry     0000
__Hmaintext                           maintext     0000
__Hpowerup                            powerup      0000
__Hram                                ram          0000
__Hreset_vec                          reset_vec    0000
__Hsfr0                               sfr0         0000
__Hsfr1                               sfr1         0000
__Hsfr2                               sfr2         0000
__Hsfr3                               sfr3         0000
__Hspace_0                            (abs)        2008
__Hspace_1                            (abs)        007E
__Hspace_2                            (abs)        0000
__Hspace_3                            (abs)        0000
__Hstack                              stack        0000
__Hstrings                            strings      0000
__Htext                               text         0000
__Labs1                               abs1         0000
__Lbank0                              bank0        0000
__Lbank1                              bank1        0000
__Lbank2                              bank2        0000
__Lbank3                              bank3        0000
__LbssBANK0                           bssBANK0     0000
__Lcinit                              cinit        07F5
__Lclrtext                            clrtext      0000
__Lcode                               code         0000
__Lcommon                             common       0000
__Lconfig                             config       2007
__LcstackBANK0                        cstackBANK0  0000
__LcstackCOMMON                       cstackCOMMON 0000
__Leeprom_data                        eeprom_data  0000
__Lend_init                           end_init     0000
__Lfunctab                            functab      0000
__Lidloc                              idloc        0000
__Linit                               init         0000
__Lintentry                           intentry     0000
__Lmaintext                           maintext     0000
__Lpowerup                            powerup      0000
__Lram                                ram          0000
__Lreset_vec                          reset_vec    0000
__Lsfr0                               sfr0         0000
__Lsfr1                               sfr1         0000
__Lsfr2                               sfr2         0000
__Lsfr3                               sfr3         0000
__Lspace_0                            (abs)        0000
__Lspace_1                            (abs)        0000
__Lspace_2                            (abs)        0000
__Lspace_3                            (abs)        0000
__Lstack                              stack        0000
__Lstrings                            strings      0000
__Ltext                               text         0000
__S0                                  (abs)        2008
__S1                                  (abs)        007E
__S2                                  (abs)        0000
__S3                                  (abs)        0000
___int_sp                             stack        0000
___latbits                            (abs)        0002
___sp                                 stack        0000
___wmul                               text21       0322
___wmul@multiplicand                  cstackCOMMON 0072
___wmul@multiplier                    cstackCOMMON 0070
___wmul@product                       cstackCOMMON 0074
__end_of_COM_status                   text26       02E5
__end_of_I2Ctemp_data_set             text14       0365
__end_of_LED_data_set                 text13       025A
__end_of_MCLR_init                    text25       026A
__end_of_MCLR_reset                   text29       02C8
__end_of_POW_status                   text24       027B
__end_of___wmul                       text21       0343
__end_of__initialization              cinit        07FC
__end_of__stringtab                   strings      0009
__end_of_ad_con_init                  text23       0240
__end_of_bit_shift                    text11       0449
__end_of_command                      text3        07F5
__end_of_cw_data_set                  text12       06E2
__end_of_double_data_set              text19       0480
__end_of_double_to_byte_array         text20       03E3
__end_of_get_adcon                    text10       0322
__end_of_get_cw_data                  text8        0769
__end_of_getch                        text22       02AB
__end_of_main                         maintext     0662
__end_of_packet_send_master           text5        0413
__end_of_putch                        text7        022D
__end_of_send_data_master             text4        028F
__end_of_send_payload                 text6        04F9
__end_of_sent_data_set                text15       05F6
__end_of_spi_master_receive           text28       0544
__end_of_spi_master_send              text27       0593
__end_of_spi_master_start             text9        0302
__end_of_sysprot_init                 text2        0225
__end_of_uart_init                    text1        024C
__end_of_uint16_data_set              text17       04B7
__end_of_uint16_to_byte_array         text18       03B8
__end_of_uint8_data_set               text16       038E
__end_ofbit_shift@bit_mask_for_l      strings      000C
__end_ofuint16_to_byte_array@bit_mask strings      000B
__initialization                      cinit        07F5
__pbssBANK0                           bssBANK0     0020
__pcstackBANK0                        cstackBANK0  004E
__pcstackCOMMON                       cstackCOMMON 0070
__pmaintext                           maintext     05F6
__pstrings                            strings      0003
__ptext1                              text1        0240
__ptext10                             text10       0302
__ptext11                             text11       0413
__ptext12                             text12       0662
__ptext13                             text13       024C
__ptext14                             text14       0343
__ptext15                             text15       0593
__ptext16                             text16       0365
__ptext17                             text17       0480
__ptext18                             text18       038E
__ptext19                             text19       0449
__ptext2                              text2        0220
__ptext20                             text20       03B8
__ptext21                             text21       0322
__ptext22                             text22       028F
__ptext23                             text23       0235
__ptext24                             text24       026A
__ptext25                             text25       025A
__ptext26                             text26       02C8
__ptext27                             text27       0544
__ptext28                             text28       04F9
__ptext29                             text29       02AB
__ptext3                              text3        0769
__ptext4                              text4        027B
__ptext5                              text5        03E3
__ptext6                              text6        04B7
__ptext7                              text7        0225
__ptext8                              text8        06E2
__ptext9                              text9        02E5
__size_of_COM_status                  (abs)        0000
__size_of_I2Ctemp_data_set            (abs)        0000
__size_of_LED_data_set                (abs)        0000
__size_of_MCLR_init                   (abs)        0000
__size_of_MCLR_reset                  (abs)        0000
__size_of_POW_status                  (abs)        0000
__size_of___wmul                      (abs)        0000
__size_of_ad_con_init                 (abs)        0000
__size_of_bit_shift                   (abs)        0000
__size_of_command                     (abs)        0000
__size_of_cw_data_set                 (abs)        0000
__size_of_double_data_set             (abs)        0000
__size_of_double_to_byte_array        (abs)        0000
__size_of_get_adcon                   (abs)        0000
__size_of_get_cw_data                 (abs)        0000
__size_of_getch                       (abs)        0000
__size_of_main                        (abs)        0000
__size_of_packet_send_master          (abs)        0000
__size_of_putch                       (abs)        0000
__size_of_send_data_master            (abs)        0000
__size_of_send_payload                (abs)        0000
__size_of_sent_data_set               (abs)        0000
__size_of_spi_master_receive          (abs)        0000
__size_of_spi_master_send             (abs)        0000
__size_of_spi_master_start            (abs)        0000
__size_of_sysprot_init                (abs)        0000
__size_of_uart_init                   (abs)        0000
__size_of_uint16_data_set             (abs)        0000
__size_of_uint16_to_byte_array        (abs)        0000
__size_of_uint8_data_set              (abs)        0000
__stringbase                          strings      0008
__stringtab                           strings      0003
_ad_con_init                          text23       0235
_bit_shift                            text11       0413
_command                              text3        0769
_cw                                   bssBANK0     0041
_cw_data_set                          text12       0662
_double_data_set                      text19       0449
_double_to_byte_array                 text20       03B8
_get_adcon                            text10       0302
_get_cw_data                          text8        06E2
_getch                                text22       028F
_index_pos                            bssBANK0     0020
_main                                 maintext     05F6
_packet                               bssBANK0     0021
_packet_send_master                   text5        03E3
_putch                                text7        0225
_send_data_master                     text4        027B
_send_payload                         text6        04B7
_sent_data_set                        text15       0593
_spi_master_receive                   text28       04F9
_spi_master_send                      text27       0544
_spi_master_start                     text9        02E5
_sysprot_init                         text2        0220
_uart_init                            text1        0240
_uint16_data_set                      text17       0480
_uint16_to_byte_array                 text18       038E
_uint8_data_set                       text16       0365
bit_shift@bit_mask_for_l              strings      000B
bit_shift@p_ad_value                  cstackCOMMON 0075
bit_shift@p_adres                     cstackCOMMON 0070
btemp                                 (abs)        007E
clear_ram0                            clrtext      022D
command@data                          cstackBANK0  0063
cw_data_set@p_cw_data                 cstackCOMMON 0075
double_data_set@buf                   cstackBANK0  004E
double_data_set@data_len              cstackCOMMON 007C
double_data_set@i                     cstackBANK0  0053
double_data_set@p_data                cstackCOMMON 007A
double_to_byte_array@converter        cstackCOMMON 0075
double_to_byte_array@i                cstackCOMMON 0079
double_to_byte_array@p_data           cstackCOMMON 0070
double_to_byte_array@p_data_array     cstackCOMMON 0072
end_of_initialization                 cinit        07FC
get_adcon@ad_value                    cstackCOMMON 007B
get_adcon@my_adres                    cstackCOMMON 0079
get_cw_data@buf                       cstackBANK0  004E
getch@count                           cstackCOMMON 0070
intlevel0                             functab      0000
intlevel1                             functab      0000
intlevel2                             functab      0000
intlevel3                             functab      0000
intlevel4                             functab      0000
intlevel5                             functab      0000
ltemp                                 (abs)        007E
ltemp0                                (abs)        007E
ltemp1                                (abs)        0082
ltemp2                                (abs)        0086
ltemp3                                (abs)        0080
main@COM_stat                         cstackBANK0  0067
packet_send_master@destination        cstackBANK0  004E
packet_send_master@p_packet           cstackCOMMON 007C
putch@byte                            cstackCOMMON 0070
reset_vec                             reset_vec    0000
send_data_master@data_end_command     cstackBANK0  0050
send_data_master@data_type            cstackBANK0  004F
send_data_master@destination          cstackBANK0  0052
send_payload@data_len                 cstackCOMMON 0078
send_payload@destination              cstackCOMMON 007B
send_payload@i                        cstackCOMMON 0079
send_payload@index_pos                cstackCOMMON 007A
send_payload@p_payload                cstackCOMMON 0076
sent_data_set@byte_of_data            cstackBANK0  0057
sent_data_set@data_len                cstackBANK0  0056
sent_data_set@p_data                  cstackBANK0  0054
spi_master_receive@destination        cstackCOMMON 0074
spi_master_receive@dummy              cstackCOMMON 0071
spi_master_receive@timeout_counter    cstackCOMMON 0072
spi_master_send@data                  cstackCOMMON 0070
spi_master_send@destination           cstackCOMMON 0075
spi_master_send@dummy                 cstackCOMMON 0072
spi_master_send@timeout_counter       cstackCOMMON 0073
stackhi                               (abs)        0000
stacklo                               (abs)        0000
start                                 init         0000
start_initialization                  cinit        07F5
ttemp                                 (abs)        007E
ttemp0                                (abs)        007E
ttemp1                                (abs)        0081
ttemp2                                (abs)        0084
ttemp3                                (abs)        0087
ttemp4                                (abs)        007F
uint16_data_set@buf                   cstackCOMMON 007A
uint16_data_set@data_len              cstackCOMMON 0078
uint16_data_set@i                     cstackCOMMON 007D
uint16_data_set@p_data                cstackCOMMON 0076
uint16_to_byte_array@bit_mask         strings      0009
uint16_to_byte_array@p_data           cstackCOMMON 0070
uint16_to_byte_array@p_data_array     cstackCOMMON 0072
uint8_data_set@data_len               cstackCOMMON 0072
uint8_data_set@p_data                 cstackCOMMON 0070
wtemp                                 (abs)        007E
wtemp0                                (abs)        007E
wtemp1                                (abs)        0080
wtemp2                                (abs)        0082
wtemp3                                (abs)        0084
wtemp4                                (abs)        0086
wtemp5                                (abs)        0088
wtemp6                                (abs)        007F


FUNCTION INFORMATION:

 *************** function _main *****************
 Defined at:
		line 26 in file "OBC1_main.c"
 Parameters:    Size  Location     Type
		None
 Auto vars:     Size  Location     Type
  COM_stat        1   25[BANK0 ] unsigned char 
 Return value:  Size  Location     Type
                  2   26[None  ] int 
 Registers used:
		wreg, fsr0l, fsr0h, status,2, status,0, btemp+1, pclath, cstack
 Tracked objects:
		On entry : 
		On exit  : 
		Unchanged: 
 Data sizes:     COMMON   BANK0   BANK1   BANK3   BANK2
      Params:         0       0       0       0       0
      Locals:         0       1       0       0       0
      Temps:          0       3       0       0       0
      Totals:         0       4       0       0       0
Total ram usage:        4 bytes
 Hardware stack levels required when called:    6
 This function calls:
		_COM_status
		_MCLR_init
		_POW_status
		_ad_con_init
		_command
		_spi_master_start
		_sysprot_init
		_uart_init
 This function is called by:
		Startup code after reset
 This function uses a non-reentrant model


 *************** function _uart_init *****************
 Defined at:
		line 34 in file "uart_serial.c"
 Parameters:    Size  Location     Type
		None
 Auto vars:     Size  Location     Type
		None
 Return value:  Size  Location     Type
		None               void
 Registers used:
		wreg
 Tracked objects:
		On entry : 
		On exit  : 
		Unchanged: 
 Data sizes:     COMMON   BANK0   BANK1   BANK3   BANK2
      Params:         0       0       0       0       0
      Locals:         0       0       0       0       0
      Temps:          0       0       0       0       0
      Totals:         0       0       0       0       0
Total ram usage:        0 bytes
 Hardware stack levels used:    1
 This function calls:
		Nothing
 This function is called by:
		_main
 This function uses a non-reentrant model


 *************** function _sysprot_init *****************
 Defined at:
		line 85 in file "system_protocol.c"
 Parameters:    Size  Location     Type
		None
 Auto vars:     Size  Location     Type
		None
 Return value:  Size  Location     Type
		None               void
 Registers used:
		None
 Tracked objects:
		On entry : 
		On exit  : 
		Unchanged: 
 Data sizes:     COMMON   BANK0   BANK1   BANK3   BANK2
      Params:         0       0       0       0       0
      Locals:         0       0       0       0       0
      Temps:          0       0       0       0       0
      Totals:         0       0       0       0       0
Total ram usage:        0 bytes
 Hardware stack levels used:    1
 This function calls:
		Nothing
 This function is called by:
		_main
 This function uses a non-reentrant model


 *************** function _command *****************
 Defined at:
		line 50 in file "OBC1_app.c"
 Parameters:    Size  Location     Type
  data            1    wreg     unsigned char 
 Auto vars:     Size  Location     Type
  data            1   21[BANK0 ] unsigned char 
 Return value:  Size  Location     Type
		None               void
 Registers used:
		wreg, fsr0l, fsr0h, status,2, status,0, btemp+1, pclath, cstack
 Tracked objects:
		On entry : 
		On exit  : 
		Unchanged: 
 Data sizes:     COMMON   BANK0   BANK1   BANK3   BANK2
      Params:         0       0       0       0       0
      Locals:         0       1       0       0       0
      Temps:          0       3       0       0       0
      Totals:         0       4       0       0       0
Total ram usage:        4 bytes
 Hardware stack levels used:    1
 Hardware stack levels required when called:    5
 This function calls:
		_I2Ctemp_data_set
		_LED_data_set
		_cw_data_set
		_get_cw_data
		_putch
		_send_data_master
		_spi_master_send
 This function is called by:
		_main
 This function uses a non-reentrant model


 *************** function _send_data_master *****************
 Defined at:
		line 217 in file "system_protocol.c"
 Parameters:    Size  Location     Type
  destination     1    wreg     enum E1099
  data_type       1    1[BANK0 ] enum E1104
  data_end_com    1    2[BANK0 ] enum E1108
 Auto vars:     Size  Location     Type
  destination     1    4[BANK0 ] enum E1099
 Return value:  Size  Location     Type
		None               void
 Registers used:
		wreg, fsr0l, fsr0h, status,2, status,0, pclath, cstack
 Tracked objects:
		On entry : 
		On exit  : 
		Unchanged: 
 Data sizes:     COMMON   BANK0   BANK1   BANK3   BANK2
      Params:         0       2       0       0       0
      Locals:         0       1       0       0       0
      Temps:          0       1       0       0       0
      Totals:         0       4       0       0       0
Total ram usage:        4 bytes
 Hardware stack levels used:    1
 Hardware stack levels required when called:    3
 This function calls:
		_packet_send_master
 This function is called by:
		_command
 This function uses a non-reentrant model


 *************** function _packet_send_master *****************
 Defined at:
		line 465 in file "system_protocol.c"
 Parameters:    Size  Location     Type
  destination     1    wreg     enum E1099
  p_packet        1   12[COMMON] PTR struct .
		 -> packet(32), 
 Auto vars:     Size  Location     Type
  destination     1    0[BANK0 ] enum E1099
 Return value:  Size  Location     Type
		None               void
 Registers used:
		wreg, fsr0l, fsr0h, status,2, status,0, pclath, cstack
 Tracked objects:
		On entry : 
		On exit  : 
		Unchanged: 
 Data sizes:     COMMON   BANK0   BANK1   BANK3   BANK2
      Params:         1       0       0       0       0
      Locals:         0       1       0       0       0
      Temps:          1       0       0       0       0
      Totals:         2       1       0       0       0
Total ram usage:        3 bytes
 Hardware stack levels used:    1
 Hardware stack levels required when called:    2
 This function calls:
		_send_payload
		_spi_master_send
 This function is called by:
		_send_data_master
 This function uses a non-reentrant model


 *************** function _send_payload *****************
 Defined at:
		line 397 in file "system_protocol.c"
 Parameters:    Size  Location     Type
  destination     1    wreg     enum E1099
  p_payload       1    6[COMMON] PTR unsigned char 
		 -> packet(32), 
 Auto vars:     Size  Location     Type
  destination     1   11[COMMON] enum E1099
  index_pos       1   10[COMMON] unsigned char 
  i               1    9[COMMON] unsigned char 
  data_len        1    8[COMMON] unsigned char 
 Return value:  Size  Location     Type
                  1    wreg      unsigned char 
 Registers used:
		wreg, fsr0l, fsr0h, status,2, status,0, pclath, cstack
 Tracked objects:
		On entry : 
		On exit  : 
		Unchanged: 
 Data sizes:     COMMON   BANK0   BANK1   BANK3   BANK2
      Params:         1       0       0       0       0
      Locals:         4       0       0       0       0
      Temps:          1       0       0       0       0
      Totals:         6       0       0       0       0
Total ram usage:        6 bytes
 Hardware stack levels used:    1
 Hardware stack levels required when called:    1
 This function calls:
		_spi_master_send
 This function is called by:
		_packet_send_master
 This function uses a non-reentrant model


 *************** function _putch *****************
 Defined at:
		line 53 in file "uart_serial.c"
 Parameters:    Size  Location     Type
  byte            1    wreg     unsigned char 
 Auto vars:     Size  Location     Type
  byte            1    0[COMMON] unsigned char 
 Return value:  Size  Location     Type
		None               void
 Registers used:
		wreg
 Tracked objects:
		On entry : 
		On exit  : 
		Unchanged: 
 Data sizes:     COMMON   BANK0   BANK1   BANK3   BANK2
      Params:         0       0       0       0       0
      Locals:         1       0       0       0       0
      Temps:          0       0       0       0       0
      Totals:         1       0       0       0       0
Total ram usage:        1 bytes
 Hardware stack levels used:    1
 This function calls:
		Nothing
 This function is called by:
		_command
		_put_string
 This function uses a non-reentrant model


 *************** function _get_cw_data *****************
 Defined at:
		line 94 in file "system_protocol.c"
 Parameters:    Size  Location     Type
		None
 Auto vars:     Size  Location     Type
  buf             2    0[BANK0 ] unsigned int 
 Return value:  Size  Location     Type
		None               void
 Registers used:
		wreg, fsr0l, fsr0h, status,2, status,0, pclath, cstack
 Tracked objects:
		On entry : 
		On exit  : 
		Unchanged: 
 Data sizes:     COMMON   BANK0   BANK1   BANK3   BANK2
      Params:         0       0       0       0       0
      Locals:         0       2       0       0       0
      Temps:          1       0       0       0       0
      Totals:         1       2       0       0       0
Total ram usage:        3 bytes
 Hardware stack levels used:    1
 Hardware stack levels required when called:    3
 This function calls:
		_get_adcon
		_spi_master_receive
		_spi_master_start
 This function is called by:
		_command
 This function uses a non-reentrant model


 *************** function _spi_master_start *****************
 Defined at:
		line 36 in file "spi_master.c"
 Parameters:    Size  Location     Type
		None
 Auto vars:     Size  Location     Type
		None
 Return value:  Size  Location     Type
		None               void
 Registers used:
		None
 Tracked objects:
		On entry : 
		On exit  : 
		Unchanged: 
 Data sizes:     COMMON   BANK0   BANK1   BANK3   BANK2
      Params:         0       0       0       0       0
      Locals:         0       0       0       0       0
      Temps:          0       0       0       0       0
      Totals:         0       0       0       0       0
Total ram usage:        0 bytes
 Hardware stack levels used:    1
 This function calls:
		Nothing
 This function is called by:
		_main
		_get_cw_data
 This function uses a non-reentrant model


 *************** function _get_adcon *****************
 Defined at:
		line 91 in file "AD_value.c"
 Parameters:    Size  Location     Type
		None
 Auto vars:     Size  Location     Type
  voltage_valu    3    0        unsigned int 
  ad_value        2   11[COMMON] unsigned int 
  my_adres        2    9[COMMON] struct .
 Return value:  Size  Location     Type
                  2    6[COMMON] unsigned int 
 Registers used:
		wreg, fsr0l, fsr0h, status,2, status,0, pclath, cstack
 Tracked objects:
		On entry : 
		On exit  : 
		Unchanged: 
 Data sizes:     COMMON   BANK0   BANK1   BANK3   BANK2
      Params:         2       0       0       0       0
      Locals:         4       0       0       0       0
      Temps:          1       0       0       0       0
      Totals:         7       0       0       0       0
Total ram usage:        7 bytes
 Hardware stack levels used:    1
 Hardware stack levels required when called:    2
 This function calls:
		_bit_shift
 This function is called by:
		_get_cw_data
		_get_pt
 This function uses a non-reentrant model


 *************** function _bit_shift *****************
 Defined at:
		line 71 in file "AD_value.c"
 Parameters:    Size  Location     Type
  p_ad_value      1    wreg     PTR unsigned int 
		 -> get_adcon@ad_value(2), 
  p_adres         1    0[COMMON] PTR struct .
		 -> get_adcon@my_adres(2), 
 Auto vars:     Size  Location     Type
  p_ad_value      1    5[COMMON] PTR unsigned int 
		 -> get_adcon@ad_value(2), 
 Return value:  Size  Location     Type
		None               void
 Registers used:
		wreg, fsr0l, fsr0h, status,2, status,0, pclath
 Tracked objects:
		On entry : 
		On exit  : 
		Unchanged: 
 Data sizes:     COMMON   BANK0   BANK1   BANK3   BANK2
      Params:         1       0       0       0       0
      Locals:         1       0       0       0       0
      Temps:          4       0       0       0       0
      Totals:         6       0       0       0       0
Total ram usage:        6 bytes
 Hardware stack levels used:    2
 This function calls:
		Nothing
 This function is called by:
		_get_adcon
 This function uses a non-reentrant model


 *************** function _cw_data_set *****************
 Defined at:
		line 180 in file "system_protocol.c"
 Parameters:    Size  Location     Type
  p_cw_data       1    wreg     PTR struct .
		 -> cw(13), 
 Auto vars:     Size  Location     Type
  p_cw_data       1    5[COMMON] PTR struct .
		 -> cw(13), 
  i               1    0        unsigned char 
 Return value:  Size  Location     Type
		None               void
 Registers used:
		wreg, fsr0l, fsr0h, status,2, status,0, pclath, cstack
 Tracked objects:
		On entry : 
		On exit  : 
		Unchanged: 
 Data sizes:     COMMON   BANK0   BANK1   BANK3   BANK2
      Params:         0       0       0       0       0
      Locals:         1       0       0       0       0
      Temps:          1       0       0       0       0
      Totals:         2       0       0       0       0
Total ram usage:        2 bytes
 Hardware stack levels used:    1
 Hardware stack levels required when called:    1
 This function calls:
		_uint8_data_set
 This function is called by:
		_command
 This function uses a non-reentrant model


 *************** function _LED_data_set *****************
 Defined at:
		line 80 in file "OBC1_app.c"
 Parameters:    Size  Location     Type
		None
 Auto vars:     Size  Location     Type
		None
 Return value:  Size  Location     Type
		None               void
 Registers used:
		wreg, fsr0l, fsr0h, status,2, status,0, pclath, cstack
 Tracked objects:
		On entry : 
		On exit  : 
		Unchanged: 
 Data sizes:     COMMON   BANK0   BANK1   BANK3   BANK2
      Params:         0       0       0       0       0
      Locals:         0       0       0       0       0
      Temps:          0       0       0       0       0
      Totals:         0       0       0       0       0
Total ram usage:        0 bytes
 Hardware stack levels used:    1
 Hardware stack levels required when called:    4
 This function calls:
		_sent_data_set
 This function is called by:
		_command
 This function uses a non-reentrant model


 *************** function _I2Ctemp_data_set *****************
 Defined at:
		line 86 in file "OBC1_app.c"
 Parameters:    Size  Location     Type
		None
 Auto vars:     Size  Location     Type
  I2CTEMP_data    2   16[BANK0 ] unsigned char [2]
 Return value:  Size  Location     Type
		None               void
 Registers used:
		wreg, fsr0l, fsr0h, status,2, status,0, btemp+1, pclath, cstack
 Tracked objects:
		On entry : 
		On exit  : 
		Unchanged: 
 Data sizes:     COMMON   BANK0   BANK1   BANK3   BANK2
      Params:         0       0       0       0       0
      Locals:         0       2       0       0       0
      Temps:          0       1       0       0       0
      Totals:         0       3       0       0       0
Total ram usage:        3 bytes
 Hardware stack levels used:    1
 Hardware stack levels required when called:    4
 This function calls:
		_getch
		_sent_data_set
 This function is called by:
		_command
 This function uses a non-reentrant model


 *************** function _sent_data_set *****************
 Defined at:
		line 141 in file "system_protocol.c"
 Parameters:    Size  Location     Type
  p_data          2    6[BANK0 ] PTR void 
		 -> I2Ctemp_data_set@I2CTEMP_data(2), RAM(512), 
  data_len        1    8[BANK0 ] unsigned char 
  byte_of_data    1    9[BANK0 ] unsigned char 
 Auto vars:     Size  Location     Type
		None
 Return value:  Size  Location     Type
                  1    wreg      unsigned char 
 Registers used:
		wreg, fsr0l, fsr0h, status,2, status,0, pclath, cstack
 Tracked objects:
		On entry : 
		On exit  : 
		Unchanged: 
 Data sizes:     COMMON   BANK0   BANK1   BANK3   BANK2
      Params:         0       4       0       0       0
      Locals:         0       0       0       0       0
      Temps:          0       5       0       0       0
      Totals:         0       9       0       0       0
Total ram usage:        9 bytes
 Hardware stack levels used:    1
 Hardware stack levels required when called:    3
 This function calls:
		___wmul
		_double_data_set
		_uint16_data_set
		_uint8_data_set
 This function is called by:
		_LED_data_set
		_I2Ctemp_data_set
 This function uses a non-reentrant model


 *************** function _uint8_data_set *****************
 Defined at:
		line 260 in file "system_protocol.c"
 Parameters:    Size  Location     Type
  p_data          2    0[COMMON] PTR unsigned char 
		 -> I2Ctemp_data_set@I2CTEMP_data(2), RAM(512), cw(13), 
  data_len        1    2[COMMON] unsigned char 
 Auto vars:     Size  Location     Type
		None
 Return value:  Size  Location     Type
		None               void
 Registers used:
		wreg, fsr0l, fsr0h, status,2, status,0
 Tracked objects:
		On entry : 
		On exit  : 
		Unchanged: 
 Data sizes:     COMMON   BANK0   BANK1   BANK3   BANK2
      Params:         3       0       0       0       0
      Locals:         0       0       0       0       0
      Temps:          1       0       0       0       0
      Totals:         4       0       0       0       0
Total ram usage:        4 bytes
 Hardware stack levels used:    1
 This function calls:
		Nothing
 This function is called by:
		_sent_data_set
		_cw_data_set
 This function uses a non-reentrant model


 *************** function _uint16_data_set *****************
 Defined at:
		line 282 in file "system_protocol.c"
 Parameters:    Size  Location     Type
  p_data          2    6[COMMON] PTR unsigned int 
		 -> I2Ctemp_data_set@I2CTEMP_data(2), RAM(512), 
  data_len        1    8[COMMON] unsigned char 
 Auto vars:     Size  Location     Type
  buf             3   10[COMMON] unsigned char [3]
  i               1   13[COMMON] unsigned char 
 Return value:  Size  Location     Type
		None               void
 Registers used:
		wreg, fsr0l, fsr0h, status,2, status,0, pclath, cstack
 Tracked objects:
		On entry : 
		On exit  : 
		Unchanged: 
 Data sizes:     COMMON   BANK0   BANK1   BANK3   BANK2
      Params:         3       0       0       0       0
      Locals:         4       0       0       0       0
      Temps:          1       0       0       0       0
      Totals:         8       0       0       0       0
Total ram usage:        8 bytes
 Hardware stack levels used:    1
 Hardware stack levels required when called:    2
 This function calls:
		_uint16_to_byte_array
 This function is called by:
		_sent_data_set
 This function uses a non-reentrant model


 *************** function _uint16_to_byte_array *****************
 Defined at:
		line 340 in file "system_protocol.c"
 Parameters:    Size  Location     Type
  p_data          2    0[COMMON] PTR unsigned int 
		 -> I2Ctemp_data_set@I2CTEMP_data(2), RAM(512), 
  p_data_array    1    2[COMMON] PTR unsigned char 
		 -> uint16_data_set@buf(3), 
 Auto vars:     Size  Location     Type
		None
 Return value:  Size  Location     Type
		None               void
 Registers used:
		wreg, fsr0l, fsr0h, status,2, status,0, pclath
 Tracked objects:
		On entry : 
		On exit  : 
		Unchanged: 
 Data sizes:     COMMON   BANK0   BANK1   BANK3   BANK2
      Params:         3       0       0       0       0
      Locals:         0       0       0       0       0
      Temps:          3       0       0       0       0
      Totals:         6       0       0       0       0
Total ram usage:        6 bytes
 Hardware stack levels used:    2
 This function calls:
		Nothing
 This function is called by:
		_uint16_data_set
 This function uses a non-reentrant model


 *************** function _double_data_set *****************
 Defined at:
		line 311 in file "system_protocol.c"
 Parameters:    Size  Location     Type
  p_data          2   10[COMMON] PTR 
		 -> I2Ctemp_data_set@I2CTEMP_data(2), RAM(512), 
  data_len        1   12[COMMON] unsigned char 
 Auto vars:     Size  Location     Type
  buf             5    0[BANK0 ] unsigned char [5]
  i               1    5[BANK0 ] unsigned char 
 Return value:  Size  Location     Type
		None               void
 Registers used:
		wreg, fsr0l, fsr0h, status,2, status,0, pclath, cstack
 Tracked objects:
		On entry : 
		On exit  : 
		Unchanged: 
 Data sizes:     COMMON   BANK0   BANK1   BANK3   BANK2
      Params:         3       0       0       0       0
      Locals:         0       6       0       0       0
      Temps:          1       0       0       0       0
      Totals:         4       6       0       0       0
Total ram usage:       10 bytes
 Hardware stack levels used:    1
 Hardware stack levels required when called:    1
 This function calls:
		_double_to_byte_array
 This function is called by:
		_sent_data_set
 This function uses a non-reentrant model


 *************** function _double_to_byte_array *****************
 Defined at:
		line 362 in file "system_protocol.c"
 Parameters:    Size  Location     Type
  p_data          2    0[COMMON] PTR 
		 -> I2Ctemp_data_set@I2CTEMP_data(2), RAM(512), 
  p_data_array    1    2[COMMON] PTR unsigned char 
		 -> double_data_set@buf(5), 
 Auto vars:     Size  Location     Type
  converter       4    5[COMMON] struct .
  i               1    9[COMMON] unsigned char 
 Return value:  Size  Location     Type
		None               void
 Registers used:
		wreg, fsr0l, fsr0h, status,2, status,0
 Tracked objects:
		On entry : 
		On exit  : 
		Unchanged: 
 Data sizes:     COMMON   BANK0   BANK1   BANK3   BANK2
      Params:         3       0       0       0       0
      Locals:         5       0       0       0       0
      Temps:          2       0       0       0       0
      Totals:        10       0       0       0       0
Total ram usage:       10 bytes
 Hardware stack levels used:    1
 This function calls:
		Nothing
 This function is called by:
		_double_data_set
 This function uses a non-reentrant model


 *************** function ___wmul *****************
 Defined at:
		line 15 in file "C:\Program Files (x86)\Microchip\xc8\v1.35\sources\common\Umul16.c"
 Parameters:    Size  Location     Type
  multiplier      2    0[COMMON] unsigned int 
  multiplicand    2    2[COMMON] unsigned int 
 Auto vars:     Size  Location     Type
  product         2    4[COMMON] unsigned int 
 Return value:  Size  Location     Type
                  2    0[COMMON] unsigned int 
 Registers used:
		wreg, status,2, status,0
 Tracked objects:
		On entry : 
		On exit  : 
		Unchanged: 
 Data sizes:     COMMON   BANK0   BANK1   BANK3   BANK2
      Params:         4       0       0       0       0
      Locals:         2       0       0       0       0
      Temps:          0       0       0       0       0
      Totals:         6       0       0       0       0
Total ram usage:        6 bytes
 Hardware stack levels used:    1
 This function calls:
		Nothing
 This function is called by:
		_sent_data_set
 This function uses a non-reentrant model


 *************** function _getch *****************
 Defined at:
		line 90 in file "uart_serial.c"
 Parameters:    Size  Location     Type
		None
 Auto vars:     Size  Location     Type
  count           2    0[COMMON] int 
 Return value:  Size  Location     Type
                  1    wreg      unsigned char 
 Registers used:
		wreg, status,2, btemp+1
 Tracked objects:
		On entry : 
		On exit  : 
		Unchanged: 
 Data sizes:     COMMON   BANK0   BANK1   BANK3   BANK2
      Params:         0       0       0       0       0
      Locals:         2       0       0       0       0
      Temps:          0       0       0       0       0
      Totals:         2       0       0       0       0
Total ram usage:        2 bytes
 Hardware stack levels used:    1
 This function calls:
		Nothing
 This function is called by:
		_I2Ctemp_data_set
 This function uses a non-reentrant model


 *************** function _ad_con_init *****************
 Defined at:
		line 49 in file "AD_value.c"
 Parameters:    Size  Location     Type
		None
 Auto vars:     Size  Location     Type
		None
 Return value:  Size  Location     Type
		None               void
 Registers used:
		wreg
 Tracked objects:
		On entry : 
		On exit  : 
		Unchanged: 
 Data sizes:     COMMON   BANK0   BANK1   BANK3   BANK2
      Params:         0       0       0       0       0
      Locals:         0       0       0       0       0
      Temps:          0       0       0       0       0
      Totals:         0       0       0       0       0
Total ram usage:        0 bytes
 Hardware stack levels used:    1
 This function calls:
		Nothing
 This function is called by:
		_main
 This function uses a non-reentrant model


 *************** function _POW_status *****************
 Defined at:
		line 44 in file "OBC1_app.c"
 Parameters:    Size  Location     Type
		None
 Auto vars:     Size  Location     Type
		None
 Return value:  Size  Location     Type
		None               void
 Registers used:
		wreg, fsr0l, fsr0h, status,2, status,0, pclath, cstack
 Tracked objects:
		On entry : 
		On exit  : 
		Unchanged: 
 Data sizes:     COMMON   BANK0   BANK1   BANK3   BANK2
      Params:         0       0       0       0       0
      Locals:         0       0       0       0       0
      Temps:          0       0       0       0       0
      Totals:         0       0       0       0       0
Total ram usage:        0 bytes
 Hardware stack levels used:    1
 Hardware stack levels required when called:    1
 This function calls:
		_MCLR_reset
		_spi_master_send
 This function is called by:
		_main
 This function uses a non-reentrant model


 *************** function _MCLR_init *****************
 Defined at:
		line 35 in file "MCLR_reset.c"
 Parameters:    Size  Location     Type
		None
 Auto vars:     Size  Location     Type
  nin             2    0[COMMON] PTR unsigned char 
		 -> RAM(512), 
 Return value:  Size  Location     Type
		None               void
 Registers used:
		wreg, fsr0l, fsr0h
 Tracked objects:
		On entry : 
		On exit  : 
		Unchanged: 
 Data sizes:     COMMON   BANK0   BANK1   BANK3   BANK2
      Params:         0       0       0       0       0
      Locals:         2       0       0       0       0
      Temps:          0       0       0       0       0
      Totals:         2       0       0       0       0
Total ram usage:        2 bytes
 Hardware stack levels used:    1
 This function calls:
		Nothing
 This function is called by:
		_main
 This function uses a non-reentrant model


 *************** function _COM_status *****************
 Defined at:
		line 32 in file "OBC1_app.c"
 Parameters:    Size  Location     Type
		None
 Auto vars:     Size  Location     Type
  COM_stat        1    7[COMMON] unsigned char 
 Return value:  Size  Location     Type
                  1    wreg      unsigned char 
 Registers used:
		wreg, fsr0l, fsr0h, status,2, status,0, pclath, cstack
 Tracked objects:
		On entry : 
		On exit  : 
		Unchanged: 
 Data sizes:     COMMON   BANK0   BANK1   BANK3   BANK2
      Params:         0       0       0       0       0
      Locals:         1       0       0       0       0
      Temps:          1       0       0       0       0
      Totals:         2       0       0       0       0
Total ram usage:        2 bytes
 Hardware stack levels used:    1
 Hardware stack levels required when called:    1
 This function calls:
		_MCLR_reset
		_spi_master_receive
		_spi_master_send
 This function is called by:
		_main
 This function uses a non-reentrant model


 *************** function _spi_master_send *****************
 Defined at:
		line 154 in file "spi_master.c"
 Parameters:    Size  Location     Type
  destination     1    wreg     enum E1099
  data            1    0[COMMON] unsigned char 
 Auto vars:     Size  Location     Type
  destination     1    5[COMMON] enum E1099
  timeout_coun    2    3[COMMON] unsigned int 
  dummy           1    2[COMMON] unsigned char 
 Return value:  Size  Location     Type
		None               void
 Registers used:
		wreg, fsr0l, fsr0h, status,2, status,0
 Tracked objects:
		On entry : 
		On exit  : 
		Unchanged: 
 Data sizes:     COMMON   BANK0   BANK1   BANK3   BANK2
      Params:         1       0       0       0       0
      Locals:         4       0       0       0       0
      Temps:          1       0       0       0       0
      Totals:         6       0       0       0       0
Total ram usage:        6 bytes
 Hardware stack levels used:    1
 This function calls:
		Nothing
 This function is called by:
		_send_payload
		_packet_send_master
		_COM_status
		_POW_status
		_command
 This function uses a non-reentrant model


 *************** function _spi_master_receive *****************
 Defined at:
		line 80 in file "spi_master.c"
 Parameters:    Size  Location     Type
  destination     1    wreg     enum E1099
 Auto vars:     Size  Location     Type
  destination     1    4[COMMON] enum E1099
  timeout_coun    2    2[COMMON] unsigned int 
  dummy           1    1[COMMON] unsigned char 
 Return value:  Size  Location     Type
                  1    wreg      unsigned char 
 Registers used:
		wreg, fsr0l, fsr0h, status,2, status,0
 Tracked objects:
		On entry : 
		On exit  : 
		Unchanged: 
 Data sizes:     COMMON   BANK0   BANK1   BANK3   BANK2
      Params:         0       0       0       0       0
      Locals:         4       0       0       0       0
      Temps:          1       0       0       0       0
      Totals:         5       0       0       0       0
Total ram usage:        5 bytes
 Hardware stack levels used:    1
 This function calls:
		Nothing
 This function is called by:
		_get_cw_data
		_COM_status
		_receive_payload
		_packet_receive_master
 This function uses a non-reentrant model


 *************** function _MCLR_reset *****************
 Defined at:
		line 60 in file "MCLR_reset.c"
 Parameters:    Size  Location     Type
  resetted_mcu    1    wreg     unsigned char 
 Auto vars:     Size  Location     Type
  resetted_mcu    1    2[COMMON] unsigned char 
  nin             2    3[COMMON] PTR unsigned char 
		 -> RAM(512), 
 Return value:  Size  Location     Type
		None               void
 Registers used:
		wreg, fsr0l, fsr0h
 Tracked objects:
		On entry : 
		On exit  : 
		Unchanged: 
 Data sizes:     COMMON   BANK0   BANK1   BANK3   BANK2
      Params:         0       0       0       0       0
      Locals:         3       0       0       0       0
      Temps:          2       0       0       0       0
      Totals:         5       0       0       0       0
Total ram usage:        5 bytes
 Hardware stack levels used:    1
 This function calls:
		Nothing
 This function is called by:
		_COM_status
		_POW_status
 This function uses a non-reentrant model



MODULE INFORMATION

Module		Function		Class		Link	Load	Size
MCLR_reset.c
		_MCLR_reset    		CODE           	02AB	0000	30
		_MCLR_init     		CODE           	025A	0000	17

MCLR_reset.c estimated size: 47

system_protocol.c
		_sysprot_init  		CODE           	0220	0000	6
		_packet_send_master		CODE           	03E3	0000	49
		_uint16_data_set		CODE           	0480	0000	56
		_double_data_set		CODE           	0449	0000	56
		_send_data_master		CODE           	027B	0000	21
		_send_payload  		CODE           	04B7	0000	67
		_uint8_data_set		CODE           	0365	0000	42
		_cw_data_set   		CODE           	0662	0000	129
		_sent_data_set 		CODE           	0593	0000	100
		_get_cw_data   		CODE           	06E2	0000	136
		_uint16_to_byte_array		CODE           	038E	0000	43
		_double_to_byte_array		CODE           	03B8	0000	44

system_protocol.c estimated size: 749

OBC1_main.c
		_main          		CODE           	05F6	0000	109

OBC1_main.c estimated size: 109

spi_master.c
		_spi_master_receive		CODE           	04F9	0000	76
		_spi_master_send		CODE           	0544	0000	80
		_spi_master_start		CODE           	02E5	0000	30

spi_master.c estimated size: 186

AD_value.c
		_ad_con_init   		CODE           	0235	0000	12
		_bit_shift     		CODE           	0413	0000	55
		_get_adcon     		CODE           	0302	0000	33

AD_value.c estimated size: 100

shared
		__stringtab    		STRING         	0003	0000	7
		__initialization		CODE           	07F5	0000	8
		uint16_to_byte_array@bit_mask		STRING         	0009	0000	3
		bit_shift@bit_mask_for_l		STRING         	000B	0000	2

shared estimated size: 20

OBC1_app.c
		_COM_status    		CODE           	02C8	0000	30
		_I2Ctemp_data_set		CODE           	0343	0000	35
		_command       		CODE           	0769	0000	141
		_LED_data_set  		CODE           	024C	0000	15
		_POW_status    		CODE           	026A	0000	18

OBC1_app.c estimated size: 239

uart_serial.c
		_putch         		CODE           	0225	0000	9
		_uart_init     		CODE           	0240	0000	13
		_getch         		CODE           	028F	0000	29

uart_serial.c estimated size: 51

C:\Program Files (x86)\Microchip\xc8\v1.35\sources\common\Umul16.c
		___wmul        		CODE           	0322	0000	34

C:\Program Files (x86)\Microchip\xc8\v1.35\sources\common\Umul16.c estimated size: 34

