Microchip MPLAB XC8 Compiler V1.35 ()

Linker command line:

--edf=C:\Program Files (x86)\Microchip\xc8\v1.35\dat\en_msgs.txt -cs \
  -h+dist/default/debug\OBC1.X.debug.sym \
  --cmf=dist/default/debug\OBC1.X.debug.cmf -z -Q16F877A \
  -oC:\Users\Tetsuya\AppData\Local\Temp\sdc8.2 \
  -Mdist/default/debug/OBC1.X.debug.map -E1 -ver=XC8 -ASTACK=0110h-016fh \
  -pstack=STACK -ACODE=00h-07FFhx3,01800h-01EFFh -ASTRCODE=00h-01EFFh \
  -ASTRING=00h-0FFhx31 -ACONST=00h-0FFhx31 -AENTRY=00h-0FFhx31 \
  -ACOMMON=071h-07Fh -ABANK0=020h-06Fh -ABANK1=0A0h-0EFh \
  -ABANK2=0110h-016Fh -ABANK3=0190h-01E4h \
  -ARAM=020h-06Fh,0A0h-0EFh,0110h-016Fh,0190h-01E4h \
  -AABS1=020h-07Fh,0A0h-0EFh,0110h-016Fh,0190h-01EFh -ASFR0=00h-01Fh \
  -ASFR1=080h-09Fh -ASFR2=0100h-010Fh -ASFR3=0180h-018Fh \
  -preset_vec=00h,intentry=04h,init,end_init -ppowerup=CODE -pcinit=CODE \
  -pfunctab=CODE -ACONFIG=02007h-02007h -pconfig=CONFIG -DCONFIG=2 \
  -AIDLOC=02000h-02003h -pidloc=IDLOC -DIDLOC=2 -AEEDATA=00h-0FFh/02100h \
  -peeprom_data=EEDATA -DEEDATA=2 -DCODE=2 -DSTRCODE=2 -DSTRING=2 -DCONST=2 \
  -DENTRY=2 -k C:\Users\Tetsuya\AppData\Local\Temp\sdc8.obj \
  dist/default/debug\OBC1.X.debug.obj 

Object code version is 3.11

Machine type is 16F877A



                Name                               Link     Load   Length Selector   Space Scale
C:\Users\Tetsuya\AppData\Local\Temp\sdc8.obj
                end_init                             12       12        3        8       0
                reset_vec                             0        0        4        0       0
                config                             2007     2007        1     400E       0
dist/default/debug\OBC1.X.debug.obj
                cinit                               7E9      7E9       17      FD2       0
                intentry                              4        4        E        8       0
                text31                               18       18       1F       30       0
                text30                              187      187       48      30E       0
                text29                              F14      F14       14     1E28       0
                text28                              EEF      EEF        B     1DDE       0
                text27                               17       17        1       2E       0
                text26                              F61      F61       23     1EC2       0
                text25                              FD3      FD3       2D     1FA6       0
                text24                               CF       CF       3B      19E       0
                text23                               37       37       2F       6E       0
                text22                              10A      10A       3B      214       0
                text21                              FA8      FA8       2B     1F50       0
                text20                              312      312       63      624       0
                text19                              F06      F06        E     1E0C       0
                text18                              375      375       6E      6EA       0
                text17                              145      145       42      28A       0
                text16                              4F6      4F6       B8      9EC       0
                text15                              2B3      2B3       5F      566       0
                text14                              46A      46A       8C      8D4       0
                text13                               96       96       39      12C       0
                text12                              F84      F84       24     1F08       0
                text11                              217      217       4C      42E       0
                text10                              F44      F44       1D     1E88       0
                text9                               3E3      3E3       87      7C6       0
                text8                               EDF      EDF        8     1DBE       0
                text7                               263      263       50      4C6       0
                text6                               1CF      1CF       48      39E       0
                text5                                66       66       30       CC       0
                text4                               F28      F28       1C     1E50       0
                text3                               677      677      172      CEE       0
                text2                               EDA      EDA        5     1DB4       0
                text1                               EFA      EFA        C     1DF4       0
                maintext                            5AE      5AE       C9      B5C       0
                cstackBANK0                          20       20       37       20       1
                cstackCOMMON                         71       71        9       71       1
                clrtext                             EE7      EE7        8     1DCE       0
                bssBANK1                             A0       A0       20       A0       1
                bssBANK0                             57       57        E       20       1
                bssCOMMON                            7A       7A        4       71       1
                strings                             800      800        9     1000       0

TOTAL           Name                               Link     Load   Length     Space
        CLASS   STACK          

        CLASS   CODE           
                end_init                             12       12        3         0
                cinit                               7E9      7E9       17         0
                intentry                              4        4        E         0
                reset_vec                             0        0        4         0
                text31                               18       18       1F         0
                text30                              187      187       48         0
                text29                              F14      F14       14         0
                text28                              EEF      EEF        B         0
                text27                               17       17        1         0
                text26                              F61      F61       23         0
                text25                              FD3      FD3       2D         0
                text24                               CF       CF       3B         0
                text23                               37       37       2F         0
                text22                              10A      10A       3B         0
                text21                              FA8      FA8       2B         0
                text20                              312      312       63         0
                text19                              F06      F06        E         0
                text18                              375      375       6E         0
                text17                              145      145       42         0
                text16                              4F6      4F6       B8         0
                text15                              2B3      2B3       5F         0
                text14                              46A      46A       8C         0
                text13                               96       96       39         0
                text12                              F84      F84       24         0
                text11                              217      217       4C         0
                text10                              F44      F44       1D         0
                text9                               3E3      3E3       87         0
                text8                               EDF      EDF        8         0
                text7                               263      263       50         0
                text6                               1CF      1CF       48         0
                text5                                66       66       30         0
                text4                               F28      F28       1C         0
                text3                               677      677      172         0
                text2                               EDA      EDA        5         0
                text1                               EFA      EFA        C         0
                maintext                            5AE      5AE       C9         0
                clrtext                             EE7      EE7        8         0

        CLASS   STRCODE        

        CLASS   STRING         
                strings                             800      800        9         0

        CLASS   CONST          

        CLASS   ENTRY          

        CLASS   COMMON         
                cstackCOMMON                         71       71        9         1
                bssCOMMON                            7A       7A        4         1

        CLASS   BANK0          
                cstackBANK0                          20       20       37         1
                bssBANK0                             57       57        E         1

        CLASS   BANK1          
                bssBANK1                             A0       A0       20         1

        CLASS   BANK2          

        CLASS   BANK3          

        CLASS   RAM            

        CLASS   ABS1           
                abs_s1                               7E       7E        2         1

        CLASS   SFR0           

        CLASS   SFR1           

        CLASS   SFR2           

        CLASS   SFR3           

        CLASS   CONFIG         
                config                             2007     2007        1         0

        CLASS   IDLOC          

        CLASS   EEDATA         



SEGMENTS        Name                           Load    Length   Top    Selector   Space  Class     Delta

                reset_vec                      000000  000004  000004         0       0  CODE        2
                intentry                       000004  000011  000015         8       0  CODE        2
                cstackBANK0                    000020  000045  000065        20       1  BANK0       1
                text27                         000017  000001  000018        2E       0  CODE        2
                text31                         000018  00001F  000037        30       0  CODE        2
                text23                         000037  00002F  000066        6E       0  CODE        2
                cstackCOMMON                   000071  00000D  00007E        71       1  COMMON      1
                bssBANK1                       0000A0  000020  0000C0        A0       1  BANK1       1
                text5                          000066  000030  000096        CC       0  CODE        2
                text13                         000096  000039  0000CF       12C       0  CODE        2
                text24                         0000CF  00003B  00010A       19E       0  CODE        2
                text22                         00010A  00003B  000145       214       0  CODE        2
                text17                         000145  000042  000187       28A       0  CODE        2
                text30                         000187  000048  0001CF       30E       0  CODE        2
                text6                          0001CF  000048  000217       39E       0  CODE        2
                text11                         000217  00004C  000263       42E       0  CODE        2
                text7                          000263  000050  0002B3       4C6       0  CODE        2
                text15                         0002B3  00005F  000312       566       0  CODE        2
                text20                         000312  000063  000375       624       0  CODE        2
                text18                         000375  00006E  0003E3       6EA       0  CODE        2
                text9                          0003E3  000087  00046A       7C6       0  CODE        2
                text14                         00046A  00008C  0004F6       8D4       0  CODE        2
                text16                         0004F6  0000B8  0005AE       9EC       0  CODE        2
                maintext                       0005AE  0000C9  000677       B5C       0  CODE        2
                text3                          000677  000172  0007E9       CEE       0  CODE        2
                cinit                          0007E9  000017  000800       FD2       0  CODE        2
                strings                        000800  000009  000809      1000       0  STRING      2
                text2                          000EDA  000005  000EDF      1DB4       0  CODE        2
                text8                          000EDF  000008  000EE7      1DBE       0  CODE        2
                clrtext                        000EE7  000008  000EEF      1DCE       0  CODE        2
                text28                         000EEF  00000B  000EFA      1DDE       0  CODE        2
                text1                          000EFA  00000C  000F06      1DF4       0  CODE        2
                text19                         000F06  00000E  000F14      1E0C       0  CODE        2
                text29                         000F14  000014  000F28      1E28       0  CODE        2
                text4                          000F28  00001C  000F44      1E50       0  CODE        2
                text10                         000F44  00001D  000F61      1E88       0  CODE        2
                text26                         000F61  000023  000F84      1EC2       0  CODE        2
                text12                         000F84  000024  000FA8      1F08       0  CODE        2
                text21                         000FA8  00002B  000FD3      1F50       0  CODE        2
                text25                         000FD3  00002D  001000      1FA6       0  CODE        2
                config                         002007  000001  002008      400E       0  CONFIG      2


UNUSED ADDRESS RANGES

        Name                Unused          Largest block    Delta
        BANK0            0065-006F              B           1
        BANK1            00C0-00EF             30           1
        BANK2            0110-016F             60           1
        BANK3            0190-01E4             55           1
        CODE             0015-0016              2           2
                         0809-0ED9            6D1
                         1000-1EFF            800
        CONST            0015-0016              2           2
                         0809-0ED9            100
                         1000-1EFF            100
        EEDATA           2100-21FF            100           2
        ENTRY            0015-0016              2           2
                         0809-0ED9            100
                         1000-1EFF            100
        IDLOC            2000-2003              4           2
        RAM              0065-006F              B           1
                         00C0-00EF             30
                         0110-016F             60
                         0190-01E4             55
        SFR0             0000-001F             20           1
        SFR1             0080-009F             20           1
        SFR2             0100-010F             10           1
        SFR3             0180-018F             10           1
        STACK            0110-016F             60           1
        STRCODE          0015-0016              2           2
                         0809-0ED9            6D1
                         1000-1EFF            F00
        STRING           0015-0016              2           2
                         0809-0ED9            100
                         1000-1EFF            100

                                  Symbol Table

?___altoft                            cstackBANK0  0028
?___ftdiv                             cstackBANK0  0030
?___ftpack                            cstackBANK0  0020
?___wmul                              cstackBANK0  0020
?_get_adcon                           cstackBANK0  0026
MCLR_init@nin                         cstackBANK0  0020
_ADCON0                               (abs)        001F
_ADCON0bits                           (abs)        001F
_ADCON1                               (abs)        009F
_ADRESH                               (abs)        001E
_ADRESL                               (abs)        009E
_I2CTEMP_data                         bssCOMMON    007C
_I2Ctemp_data_set                     text27       0017
_INTCONbits                           (abs)        000B
_LED_data_set                         text19       0F06
_MCLR_init                            text29       0F14
_PIE1bits                             (abs)        008C
_PIR1bits                             (abs)        000C
_PORTAbits                            (abs)        0005
_PORTCbits                            (abs)        0007
_PORTDbits                            (abs)        0008
_RCIF                                 (abs)        0065
_RCREG                                (abs)        001A
_RCSTA                                (abs)        0018
_SPBRG                                (abs)        0099
_SSPBUF                               (abs)        0013
_SSPCONbits                           (abs)        0014
_SSPSTATbits                          (abs)        0094
_TRISAbits                            (abs)        0085
_TRISCbits                            (abs)        0087
_TRISDbits                            (abs)        0088
_TRISEbits                            (abs)        0089
_TXIF                                 (abs)        0064
_TXREG                                (abs)        0019
_TXSTA                                (abs)        0098
__CFG_BOREN$ON                        (abs)        0000
__CFG_CP$OFF                          (abs)        0000
__CFG_CPD$OFF                         (abs)        0000
__CFG_FOSC$HS                         (abs)        0000
__CFG_LVP$OFF                         (abs)        0000
__CFG_PWRTE$ON                        (abs)        0000
__CFG_WDTE$OFF                        (abs)        0000
__CFG_WRT$OFF                         (abs)        0000
__Habs1                               abs1         0000
__Hbank0                              bank0        0000
__Hbank1                              bank1        0000
__Hbank2                              bank2        0000
__Hbank3                              bank3        0000
__HbssBANK0                           bssBANK0     0000
__HbssBANK1                           bssBANK1     0000
__HbssCOMMON                          bssCOMMON    0000
__Hcinit                              cinit        0800
__Hclrtext                            clrtext      0000
__Hcode                               code         0000
__Hcommon                             common       0000
__Hconfig                             config       2008
__HcstackBANK0                        cstackBANK0  0000
__HcstackCOMMON                       cstackCOMMON 0000
__Heeprom_data                        eeprom_data  0000
__Hend_init                           end_init     0015
__Hfunctab                            functab      0000
__Hidloc                              idloc        0000
__Hinit                               init         0012
__Hintentry                           intentry     0012
__Hmaintext                           maintext     0000
__Hpowerup                            powerup      0000
__Hram                                ram          0000
__Hreset_vec                          reset_vec    0004
__Hsfr0                               sfr0         0000
__Hsfr1                               sfr1         0000
__Hsfr2                               sfr2         0000
__Hsfr3                               sfr3         0000
__Hspace_0                            (abs)        2008
__Hspace_1                            (abs)        00C0
__Hspace_2                            (abs)        0000
__Hspace_3                            (abs)        0000
__Hstack                              stack        0000
__Hstrings                            strings      0000
__Htext                               text         0000
__Labs1                               abs1         0000
__Lbank0                              bank0        0000
__Lbank1                              bank1        0000
__Lbank2                              bank2        0000
__Lbank3                              bank3        0000
__LbssBANK0                           bssBANK0     0000
__LbssBANK1                           bssBANK1     0000
__LbssCOMMON                          bssCOMMON    0000
__Lcinit                              cinit        07E9
__Lclrtext                            clrtext      0000
__Lcode                               code         0000
__Lcommon                             common       0000
__Lconfig                             config       2007
__LcstackBANK0                        cstackBANK0  0000
__LcstackCOMMON                       cstackCOMMON 0000
__Leeprom_data                        eeprom_data  0000
__Lend_init                           end_init     0012
__Lfunctab                            functab      0000
__Lidloc                              idloc        0000
__Linit                               init         0012
__Lintentry                           intentry     0004
__Lmaintext                           maintext     0000
__Lpowerup                            powerup      0000
__Lram                                ram          0000
__Lreset_vec                          reset_vec    0000
__Lsfr0                               sfr0         0000
__Lsfr1                               sfr1         0000
__Lsfr2                               sfr2         0000
__Lsfr3                               sfr3         0000
__Lspace_0                            (abs)        0000
__Lspace_1                            (abs)        0000
__Lspace_2                            (abs)        0000
__Lspace_3                            (abs)        0000
__Lstack                              stack        0000
__Lstrings                            strings      0000
__Ltext                               text         0000
__S0                                  (abs)        2008
__S1                                  (abs)        00C0
__S2                                  (abs)        0000
__S3                                  (abs)        0000
___altoft                             text17       0145
___altoft@c                           cstackBANK0  0028
___altoft@exp                         cstackBANK0  002E
___altoft@sign                        cstackBANK0  002F
___ftdiv                              text16       04F6
___ftdiv@cntr                         cstackBANK0  003A
___ftdiv@exp                          cstackBANK0  003E
___ftdiv@f1                           cstackBANK0  0033
___ftdiv@f2                           cstackBANK0  0030
___ftdiv@f3                           cstackBANK0  003B
___ftdiv@sign                         cstackBANK0  003F
___ftge                               text15       02B3
___ftge@ff1                           cstackBANK0  0020
___ftge@ff2                           cstackBANK0  0023
___ftpack                             text18       0375
___ftpack@arg                         cstackBANK0  0020
___ftpack@exp                         cstackBANK0  0023
___ftpack@sign                        cstackBANK0  0024
___int_sp                             stack        0000
___latbits                            (abs)        0002
___sp                                 stack        0000
___wmul                               text26       0F61
___wmul@multiplicand                  cstackBANK0  0022
___wmul@multiplier                    cstackBANK0  0020
___wmul@product                       cstackBANK0  0024
__end_of_I2Ctemp_data_set             text27       0018
__end_of_LED_data_set                 text19       0F14
__end_of_MCLR_init                    text29       0F28
__end_of___altoft                     text17       0187
__end_of___ftdiv                      text16       05AE
__end_of___ftge                       text15       0312
__end_of___ftpack                     text18       03E3
__end_of___wmul                       text26       0F84
__end_of__initialization              cinit        07FC
__end_of__stringtab                   strings      0806
__end_of_ad_con_init                  text28       0EFA
__end_of_bit_shift                    text13       00CF
__end_of_command                      text3        07E9
__end_of_cw_data_set                  text14       04F6
__end_of_double_data_set              text24       010A
__end_of_double_to_byte_array         text25       1000
__end_of_get_adcon                    text12       0FA8
__end_of_get_cw_data                  text9        046A
__end_of_get_uart                     text30       01CF
__end_of_getch                        text31       0037
__end_of_main                         maintext     0677
__end_of_packet_send_master           text5        0096
__end_of_putch                        text8        0EE7
__end_of_send_data_master             text4        0F44
__end_of_send_payload                 text6        0217
__end_of_sent_data_set                text20       0375
__end_of_spi_master_receive           text11       0263
__end_of_spi_master_send              text7        02B3
__end_of_spi_master_start             text10       0F61
__end_of_sysprot_init                 text2        0EDF
__end_of_uart_init                    text1        0F06
__end_of_uint16_data_set              text22       0145
__end_of_uint16_to_byte_array         text23       0066
__end_of_uint8_data_set               text21       0FD3
__end_ofbit_shift@bit_mask_for_l      strings      0809
__end_ofuint16_to_byte_array@bit_mask strings      0808
__initialization                      cinit        07E9
__pbssBANK0                           bssBANK0     0057
__pbssBANK1                           bssBANK1     00A0
__pbssCOMMON                          bssCOMMON    007A
__pcstackBANK0                        cstackBANK0  0020
__pcstackCOMMON                       cstackCOMMON 0071
__pintentry                           intentry     0004
__pmaintext                           maintext     05AE
__pstrings                            strings      0800
__ptext1                              text1        0EFA
__ptext10                             text10       0F44
__ptext11                             text11       0217
__ptext12                             text12       0F84
__ptext13                             text13       0096
__ptext14                             text14       046A
__ptext15                             text15       02B3
__ptext16                             text16       04F6
__ptext17                             text17       0145
__ptext18                             text18       0375
__ptext19                             text19       0F06
__ptext2                              text2        0EDA
__ptext20                             text20       0312
__ptext21                             text21       0FA8
__ptext22                             text22       010A
__ptext23                             text23       0037
__ptext24                             text24       00CF
__ptext25                             text25       0FD3
__ptext26                             text26       0F61
__ptext27                             text27       0017
__ptext28                             text28       0EEF
__ptext29                             text29       0F14
__ptext3                              text3        0677
__ptext30                             text30       0187
__ptext31                             text31       0018
__ptext4                              text4        0F28
__ptext5                              text5        0066
__ptext6                              text6        01CF
__ptext7                              text7        0263
__ptext8                              text8        0EDF
__ptext9                              text9        03E3
__size_of_I2Ctemp_data_set            (abs)        0000
__size_of_LED_data_set                (abs)        0000
__size_of_MCLR_init                   (abs)        0000
__size_of___altoft                    (abs)        0000
__size_of___ftdiv                     (abs)        0000
__size_of___ftge                      (abs)        0000
__size_of___ftpack                    (abs)        0000
__size_of___wmul                      (abs)        0000
__size_of_ad_con_init                 (abs)        0000
__size_of_bit_shift                   (abs)        0000
__size_of_command                     (abs)        0000
__size_of_cw_data_set                 (abs)        0000
__size_of_double_data_set             (abs)        0000
__size_of_double_to_byte_array        (abs)        0000
__size_of_get_adcon                   (abs)        0000
__size_of_get_cw_data                 (abs)        0000
__size_of_get_uart                    (abs)        0000
__size_of_getch                       (abs)        0000
__size_of_main                        (abs)        0000
__size_of_packet_send_master          (abs)        0000
__size_of_putch                       (abs)        0000
__size_of_send_data_master            (abs)        0000
__size_of_send_payload                (abs)        0000
__size_of_sent_data_set               (abs)        0000
__size_of_spi_master_receive          (abs)        0000
__size_of_spi_master_send             (abs)        0000
__size_of_spi_master_start            (abs)        0000
__size_of_sysprot_init                (abs)        0000
__size_of_uart_init                   (abs)        0000
__size_of_uint16_data_set             (abs)        0000
__size_of_uint16_to_byte_array        (abs)        0000
__size_of_uint8_data_set              (abs)        0000
__stringbase                          strings      0805
__stringtab                           strings      0800
_ad_con_init                          text28       0EEF
_bit_shift                            text13       0096
_command                              text3        0677
_cw                                   bssBANK0     0058
_cw_data_set                          text14       046A
_double_data_set                      text24       00CF
_double_to_byte_array                 text25       0FD3
_get_adcon                            text12       0F84
_get_cw_data                          text9        03E3
_get_uart                             text30       0187
_getch                                text31       0018
_index_pos                            bssBANK0     0057
_main                                 maintext     05AE
_packet                               bssBANK1     00A0
_packet_send_master                   text5        0066
_putch                                text8        0EDF
_send_data_master                     text4        0F28
_send_payload                         text6        01CF
_sent_data_set                        text20       0312
_spi_master_receive                   text11       0217
_spi_master_send                      text7        0263
_spi_master_start                     text10       0F44
_sysprot_init                         text2        0EDA
_uart_init                            text1        0EFA
_uart_interrupt                       bssCOMMON    007A
_uint16_data_set                      text22       010A
_uint16_to_byte_array                 text23       0037
_uint8_data_set                       text21       0FA8
bit_shift@bit_mask_for_l              strings      0808
bit_shift@p_ad_value                  cstackBANK0  0025
bit_shift@p_adres                     cstackBANK0  0020
btemp                                 (abs)        007E
clear_ram0                            clrtext      0EE7
command@data                          cstackBANK0  0044
command@t                             cstackBANK0  0048
command@temp                          cstackBANK0  0045
cw_data_set@p_cw_data                 cstackBANK0  0025
double_data_set@buf                   cstackBANK0  002E
double_data_set@data_len              cstackBANK0  002C
double_data_set@i                     cstackBANK0  0033
double_data_set@p_data                cstackBANK0  002A
double_to_byte_array@converter        cstackBANK0  0025
double_to_byte_array@i                cstackBANK0  0029
double_to_byte_array@p_data           cstackBANK0  0020
double_to_byte_array@p_data_array     cstackBANK0  0022
end_of_initialization                 cinit        07FC
get_adcon@ad_value                    cstackBANK0  002B
get_adcon@my_adres                    cstackBANK0  0029
get_cw_data@buf                       cstackBANK0  002E
getch@count                           cstackCOMMON 0071
interrupt_function                    intentry     0004
intlevel0                             functab      0000
intlevel1                             functab      0000
intlevel2                             functab      0000
intlevel3                             functab      0000
intlevel4                             functab      0000
intlevel5                             functab      0000
ltemp                                 (abs)        007E
ltemp0                                (abs)        007E
ltemp1                                (abs)        0082
ltemp2                                (abs)        0086
ltemp3                                (abs)        0080
main@t                                cstackBANK0  0053
main@temp                             cstackBANK0  0050
packet_send_master@destination        cstackBANK0  002E
packet_send_master@p_packet           cstackBANK0  002C
putch@byte                            cstackBANK0  0020
reset_vec                             reset_vec    0000
saved_w                               (abs)        007E
send_data_master@data_end_command     cstackBANK0  0030
send_data_master@data_type            cstackBANK0  002F
send_data_master@destination          cstackBANK0  0032
send_payload@data_len                 cstackBANK0  0028
send_payload@destination              cstackBANK0  002B
send_payload@i                        cstackBANK0  0029
send_payload@index_pos                cstackBANK0  002A
send_payload@p_payload                cstackBANK0  0026
sent_data_set@byte_of_data            cstackBANK0  0037
sent_data_set@data_len                cstackBANK0  0036
sent_data_set@p_data                  cstackBANK0  0034
spi_master_receive@destination        cstackBANK0  0024
spi_master_receive@dummy              cstackBANK0  0021
spi_master_receive@timeout_counter    cstackBANK0  0022
spi_master_send@data                  cstackBANK0  0020
spi_master_send@destination           cstackBANK0  0025
spi_master_send@dummy                 cstackBANK0  0022
spi_master_send@timeout_counter       cstackBANK0  0023
stackhi                               (abs)        0000
stacklo                               (abs)        0000
start                                 init         0012
start_initialization                  cinit        07E9
ttemp                                 (abs)        007E
ttemp0                                (abs)        007E
ttemp1                                (abs)        0081
ttemp2                                (abs)        0084
ttemp3                                (abs)        0087
ttemp4                                (abs)        007F
uint16_data_set@buf                   cstackBANK0  002A
uint16_data_set@data_len              cstackBANK0  0028
uint16_data_set@i                     cstackBANK0  002D
uint16_data_set@p_data                cstackBANK0  0026
uint16_to_byte_array@bit_mask         strings      0806
uint16_to_byte_array@p_data           cstackBANK0  0020
uint16_to_byte_array@p_data_array     cstackBANK0  0022
uint8_data_set@data_len               cstackBANK0  0022
uint8_data_set@p_data                 cstackBANK0  0020
wtemp                                 (abs)        007E
wtemp0                                (abs)        007E
wtemp1                                (abs)        0080
wtemp2                                (abs)        0082
wtemp3                                (abs)        0084
wtemp4                                (abs)        0086
wtemp5                                (abs)        0088
wtemp6                                (abs)        007F


FUNCTION INFORMATION:

 *************** function _main *****************
 Defined at:
		line 29 in file "OBC1_main.c"
 Parameters:    Size  Location     Type
		None
 Auto vars:     Size  Location     Type
  t               4   51[BANK0 ] long 
  temp            3   48[BANK0 ] long 
 Return value:  Size  Location     Type
                  2   34[None  ] int 
 Registers used:
		wreg, fsr0l, fsr0h, status,2, status,0, btemp+1, pclath, cstack
 Tracked objects:
		On entry : 
		On exit  : 
		Unchanged: 
 Data sizes:     COMMON   BANK0   BANK1   BANK3   BANK2
      Params:         0       0       0       0       0
      Locals:         0       7       0       0       0
      Temps:          0       4       0       0       0
      Totals:         0      11       0       0       0
Total ram usage:       11 bytes
 Hardware stack levels required when called:    7
 This function calls:
		_MCLR_init
		___altoft
		___ftdiv
		_ad_con_init
		_command
		_spi_master_start
		_sysprot_init
		_uart_init
 This function is called by:
		Startup code after reset
 This function uses a non-reentrant model


 *************** function _uart_init *****************
 Defined at:
		line 34 in file "uart_serial.c"
 Parameters:    Size  Location     Type
		None
 Auto vars:     Size  Location     Type
		None
 Return value:  Size  Location     Type
		None               void
 Registers used:
		wreg
 Tracked objects:
		On entry : 
		On exit  : 
		Unchanged: 
 Data sizes:     COMMON   BANK0   BANK1   BANK3   BANK2
      Params:         0       0       0       0       0
      Locals:         0       0       0       0       0
      Temps:          0       0       0       0       0
      Totals:         0       0       0       0       0
Total ram usage:        0 bytes
 Hardware stack levels used:    1
 Hardware stack levels required when called:    2
 This function calls:
		Nothing
 This function is called by:
		_main
 This function uses a non-reentrant model


 *************** function _sysprot_init *****************
 Defined at:
		line 85 in file "system_protocol.c"
 Parameters:    Size  Location     Type
		None
 Auto vars:     Size  Location     Type
		None
 Return value:  Size  Location     Type
		None               void
 Registers used:
		None
 Tracked objects:
		On entry : 
		On exit  : 
		Unchanged: 
 Data sizes:     COMMON   BANK0   BANK1   BANK3   BANK2
      Params:         0       0       0       0       0
      Locals:         0       0       0       0       0
      Temps:          0       0       0       0       0
      Totals:         0       0       0       0       0
Total ram usage:        0 bytes
 Hardware stack levels used:    1
 Hardware stack levels required when called:    2
 This function calls:
		Nothing
 This function is called by:
		_main
 This function uses a non-reentrant model


 *************** function _command *****************
 Defined at:
		line 52 in file "OBC1_app.c"
 Parameters:    Size  Location     Type
  data            1    wreg     unsigned char 
 Auto vars:     Size  Location     Type
  data            1   36[BANK0 ] unsigned char 
  t               4   40[BANK0 ] long 
  temp            3   37[BANK0 ] long 
 Return value:  Size  Location     Type
		None               void
 Registers used:
		wreg, fsr0l, fsr0h, status,2, status,0, btemp+1, pclath, cstack
 Tracked objects:
		On entry : 
		On exit  : 
		Unchanged: 
 Data sizes:     COMMON   BANK0   BANK1   BANK3   BANK2
      Params:         0       0       0       0       0
      Locals:         0       8       0       0       0
      Temps:          0       4       0       0       0
      Totals:         0      12       0       0       0
Total ram usage:       12 bytes
 Hardware stack levels used:    1
 Hardware stack levels required when called:    6
 This function calls:
		_I2Ctemp_data_set
		_LED_data_set
		___altoft
		___ftdiv
		___ftge
		_cw_data_set
		_get_cw_data
		_putch
		_send_data_master
		_sent_data_set
		_spi_master_send
 This function is called by:
		_main
 This function uses a non-reentrant model


 *************** function _send_data_master *****************
 Defined at:
		line 217 in file "system_protocol.c"
 Parameters:    Size  Location     Type
  destination     1    wreg     enum E1099
  data_type       1   15[BANK0 ] enum E1104
  data_end_com    1   16[BANK0 ] enum E1108
 Auto vars:     Size  Location     Type
  destination     1   18[BANK0 ] enum E1099
 Return value:  Size  Location     Type
		None               void
 Registers used:
		wreg, fsr0l, fsr0h, status,2, status,0, pclath, cstack
 Tracked objects:
		On entry : 
		On exit  : 
		Unchanged: 
 Data sizes:     COMMON   BANK0   BANK1   BANK3   BANK2
      Params:         0       2       0       0       0
      Locals:         0       1       0       0       0
      Temps:          0       1       0       0       0
      Totals:         0       4       0       0       0
Total ram usage:        4 bytes
 Hardware stack levels used:    1
 Hardware stack levels required when called:    5
 This function calls:
		_packet_send_master
 This function is called by:
		_command
 This function uses a non-reentrant model


 *************** function _packet_send_master *****************
 Defined at:
		line 462 in file "system_protocol.c"
 Parameters:    Size  Location     Type
  destination     1    wreg     enum E1099
  p_packet        1   12[BANK0 ] PTR struct .
		 -> packet(32), 
 Auto vars:     Size  Location     Type
  destination     1   14[BANK0 ] enum E1099
 Return value:  Size  Location     Type
		None               void
 Registers used:
		wreg, fsr0l, fsr0h, status,2, status,0, pclath, cstack
 Tracked objects:
		On entry : 
		On exit  : 
		Unchanged: 
 Data sizes:     COMMON   BANK0   BANK1   BANK3   BANK2
      Params:         0       1       0       0       0
      Locals:         0       1       0       0       0
      Temps:          0       1       0       0       0
      Totals:         0       3       0       0       0
Total ram usage:        3 bytes
 Hardware stack levels used:    1
 Hardware stack levels required when called:    4
 This function calls:
		_send_payload
		_spi_master_send
 This function is called by:
		_send_data_master
 This function uses a non-reentrant model


 *************** function _send_payload *****************
 Defined at:
		line 394 in file "system_protocol.c"
 Parameters:    Size  Location     Type
  destination     1    wreg     enum E1099
  p_payload       1    6[BANK0 ] PTR unsigned char 
		 -> packet(32), 
 Auto vars:     Size  Location     Type
  destination     1   11[BANK0 ] enum E1099
  index_pos       1   10[BANK0 ] unsigned char 
  i               1    9[BANK0 ] unsigned char 
  data_len        1    8[BANK0 ] unsigned char 
 Return value:  Size  Location     Type
                  1    wreg      unsigned char 
 Registers used:
		wreg, fsr0l, fsr0h, status,2, status,0, pclath, cstack
 Tracked objects:
		On entry : 
		On exit  : 
		Unchanged: 
 Data sizes:     COMMON   BANK0   BANK1   BANK3   BANK2
      Params:         0       1       0       0       0
      Locals:         0       4       0       0       0
      Temps:          0       1       0       0       0
      Totals:         0       6       0       0       0
Total ram usage:        6 bytes
 Hardware stack levels used:    1
 Hardware stack levels required when called:    3
 This function calls:
		_spi_master_send
 This function is called by:
		_packet_send_master
 This function uses a non-reentrant model


 *************** function _spi_master_send *****************
 Defined at:
		line 154 in file "spi_master.c"
 Parameters:    Size  Location     Type
  destination     1    wreg     enum E1099
  data            1    0[BANK0 ] unsigned char 
 Auto vars:     Size  Location     Type
  destination     1    5[BANK0 ] enum E1099
  timeout_coun    2    3[BANK0 ] unsigned int 
  dummy           1    2[BANK0 ] unsigned char 
 Return value:  Size  Location     Type
		None               void
 Registers used:
		wreg, fsr0l, fsr0h, status,2, status,0
 Tracked objects:
		On entry : 
		On exit  : 
		Unchanged: 
 Data sizes:     COMMON   BANK0   BANK1   BANK3   BANK2
      Params:         0       1       0       0       0
      Locals:         0       4       0       0       0
      Temps:          0       1       0       0       0
      Totals:         0       6       0       0       0
Total ram usage:        6 bytes
 Hardware stack levels used:    1
 Hardware stack levels required when called:    2
 This function calls:
		Nothing
 This function is called by:
		_send_payload
		_packet_send_master
		_command
		_COM_status
		_POW_status
 This function uses a non-reentrant model


 *************** function _putch *****************
 Defined at:
		line 53 in file "uart_serial.c"
 Parameters:    Size  Location     Type
  byte            1    wreg     unsigned char 
 Auto vars:     Size  Location     Type
  byte            1    0[BANK0 ] unsigned char 
 Return value:  Size  Location     Type
		None               void
 Registers used:
		wreg
 Tracked objects:
		On entry : 
		On exit  : 
		Unchanged: 
 Data sizes:     COMMON   BANK0   BANK1   BANK3   BANK2
      Params:         0       0       0       0       0
      Locals:         0       1       0       0       0
      Temps:          0       0       0       0       0
      Totals:         0       1       0       0       0
Total ram usage:        1 bytes
 Hardware stack levels used:    1
 Hardware stack levels required when called:    2
 This function calls:
		Nothing
 This function is called by:
		_command
		_put_string
 This function uses a non-reentrant model


 *************** function _get_cw_data *****************
 Defined at:
		line 94 in file "system_protocol.c"
 Parameters:    Size  Location     Type
		None
 Auto vars:     Size  Location     Type
  buf             2   14[BANK0 ] unsigned int 
 Return value:  Size  Location     Type
		None               void
 Registers used:
		wreg, fsr0l, fsr0h, status,2, status,0, pclath, cstack
 Tracked objects:
		On entry : 
		On exit  : 
		Unchanged: 
 Data sizes:     COMMON   BANK0   BANK1   BANK3   BANK2
      Params:         0       0       0       0       0
      Locals:         0       2       0       0       0
      Temps:          0       1       0       0       0
      Totals:         0       3       0       0       0
Total ram usage:        3 bytes
 Hardware stack levels used:    1
 Hardware stack levels required when called:    4
 This function calls:
		_get_adcon
		_spi_master_receive
		_spi_master_start
 This function is called by:
		_command
 This function uses a non-reentrant model


 *************** function _spi_master_start *****************
 Defined at:
		line 36 in file "spi_master.c"
 Parameters:    Size  Location     Type
		None
 Auto vars:     Size  Location     Type
		None
 Return value:  Size  Location     Type
		None               void
 Registers used:
		None
 Tracked objects:
		On entry : 
		On exit  : 
		Unchanged: 
 Data sizes:     COMMON   BANK0   BANK1   BANK3   BANK2
      Params:         0       0       0       0       0
      Locals:         0       0       0       0       0
      Temps:          0       0       0       0       0
      Totals:         0       0       0       0       0
Total ram usage:        0 bytes
 Hardware stack levels used:    1
 Hardware stack levels required when called:    2
 This function calls:
		Nothing
 This function is called by:
		_main
		_get_cw_data
 This function uses a non-reentrant model


 *************** function _spi_master_receive *****************
 Defined at:
		line 80 in file "spi_master.c"
 Parameters:    Size  Location     Type
  destination     1    wreg     enum E1099
 Auto vars:     Size  Location     Type
  destination     1    4[BANK0 ] enum E1099
  timeout_coun    2    2[BANK0 ] unsigned int 
  dummy           1    1[BANK0 ] unsigned char 
 Return value:  Size  Location     Type
                  1    wreg      unsigned char 
 Registers used:
		wreg, fsr0l, fsr0h, status,2, status,0
 Tracked objects:
		On entry : 
		On exit  : 
		Unchanged: 
 Data sizes:     COMMON   BANK0   BANK1   BANK3   BANK2
      Params:         0       0       0       0       0
      Locals:         0       4       0       0       0
      Temps:          0       1       0       0       0
      Totals:         0       5       0       0       0
Total ram usage:        5 bytes
 Hardware stack levels used:    1
 Hardware stack levels required when called:    2
 This function calls:
		Nothing
 This function is called by:
		_get_cw_data
		_receive_payload
		_packet_receive_master
		_COM_status
 This function uses a non-reentrant model


 *************** function _get_adcon *****************
 Defined at:
		line 91 in file "AD_value.c"
 Parameters:    Size  Location     Type
		None
 Auto vars:     Size  Location     Type
  voltage_valu    3    0        unsigned char 
  ad_value        2   11[BANK0 ] unsigned int 
  my_adres        2    9[BANK0 ] struct .
 Return value:  Size  Location     Type
                  2    6[BANK0 ] unsigned int 
 Registers used:
		wreg, fsr0l, fsr0h, status,2, status,0, pclath, cstack
 Tracked objects:
		On entry : 
		On exit  : 
		Unchanged: 
 Data sizes:     COMMON   BANK0   BANK1   BANK3   BANK2
      Params:         0       2       0       0       0
      Locals:         0       4       0       0       0
      Temps:          0       1       0       0       0
      Totals:         0       7       0       0       0
Total ram usage:        7 bytes
 Hardware stack levels used:    1
 Hardware stack levels required when called:    3
 This function calls:
		_bit_shift
 This function is called by:
		_get_cw_data
		_get_pt
 This function uses a non-reentrant model


 *************** function _bit_shift *****************
 Defined at:
		line 71 in file "AD_value.c"
 Parameters:    Size  Location     Type
  p_ad_value      1    wreg     PTR unsigned int 
		 -> get_adcon@ad_value(2), 
  p_adres         1    0[BANK0 ] PTR struct .
		 -> get_adcon@my_adres(2), 
 Auto vars:     Size  Location     Type
  p_ad_value      1    5[BANK0 ] PTR unsigned int 
		 -> get_adcon@ad_value(2), 
 Return value:  Size  Location     Type
		None               void
 Registers used:
		wreg, fsr0l, fsr0h, status,2, status,0, pclath
 Tracked objects:
		On entry : 
		On exit  : 
		Unchanged: 
 Data sizes:     COMMON   BANK0   BANK1   BANK3   BANK2
      Params:         0       1       0       0       0
      Locals:         0       1       0       0       0
      Temps:          0       4       0       0       0
      Totals:         0       6       0       0       0
Total ram usage:        6 bytes
 Hardware stack levels used:    1
 Hardware stack levels required when called:    2
 This function calls:
		Nothing
 This function is called by:
		_get_adcon
 This function uses a non-reentrant model


 *************** function _cw_data_set *****************
 Defined at:
		line 180 in file "system_protocol.c"
 Parameters:    Size  Location     Type
  p_cw_data       1    wreg     PTR struct .
		 -> cw(13), 
 Auto vars:     Size  Location     Type
  p_cw_data       1    5[BANK0 ] PTR struct .
		 -> cw(13), 
  i               1    0        unsigned char 
 Return value:  Size  Location     Type
		None               void
 Registers used:
		wreg, fsr0l, fsr0h, status,2, status,0, pclath, cstack
 Tracked objects:
		On entry : 
		On exit  : 
		Unchanged: 
 Data sizes:     COMMON   BANK0   BANK1   BANK3   BANK2
      Params:         0       0       0       0       0
      Locals:         0       1       0       0       0
      Temps:          0       1       0       0       0
      Totals:         0       2       0       0       0
Total ram usage:        2 bytes
 Hardware stack levels used:    1
 Hardware stack levels required when called:    3
 This function calls:
		_uint8_data_set
 This function is called by:
		_command
 This function uses a non-reentrant model


 *************** function ___ftge *****************
 Defined at:
		line 4 in file "C:\Program Files (x86)\Microchip\xc8\v1.35\sources\common\ftge.c"
 Parameters:    Size  Location     Type
  ff1             3    0[BANK0 ] float 
  ff2             3    3[BANK0 ] float 
 Auto vars:     Size  Location     Type
		None
 Return value:  Size  Location     Type
		None               void
 Registers used:
		wreg, status,2, status,0
 Tracked objects:
		On entry : 
		On exit  : 
		Unchanged: 
 Data sizes:     COMMON   BANK0   BANK1   BANK3   BANK2
      Params:         0       6       0       0       0
      Locals:         0       0       0       0       0
      Temps:          0       6       0       0       0
      Totals:         0      12       0       0       0
Total ram usage:       12 bytes
 Hardware stack levels used:    1
 Hardware stack levels required when called:    2
 This function calls:
		Nothing
 This function is called by:
		_command
 This function uses a non-reentrant model


 *************** function ___ftdiv *****************
 Defined at:
		line 56 in file "C:\Program Files (x86)\Microchip\xc8\v1.35\sources\common\ftdiv.c"
 Parameters:    Size  Location     Type
  f2              3   16[BANK0 ] float 
  f1              3   19[BANK0 ] float 
 Auto vars:     Size  Location     Type
  f3              3   27[BANK0 ] float 
  sign            1   31[BANK0 ] unsigned char 
  exp             1   30[BANK0 ] unsigned char 
  cntr            1   26[BANK0 ] unsigned char 
 Return value:  Size  Location     Type
                  3   16[BANK0 ] float 
 Registers used:
		wreg, status,2, status,0, pclath, cstack
 Tracked objects:
		On entry : 
		On exit  : 
		Unchanged: 
 Data sizes:     COMMON   BANK0   BANK1   BANK3   BANK2
      Params:         0       6       0       0       0
      Locals:         0       6       0       0       0
      Temps:          0       4       0       0       0
      Totals:         0      16       0       0       0
Total ram usage:       16 bytes
 Hardware stack levels used:    1
 Hardware stack levels required when called:    3
 This function calls:
		___ftpack
 This function is called by:
		_main
		_command
		_get_pt
		_get_temp
 This function uses a non-reentrant model


 *************** function ___altoft *****************
 Defined at:
		line 42 in file "C:\Program Files (x86)\Microchip\xc8\v1.35\sources\common\altoft.c"
 Parameters:    Size  Location     Type
  c               4    8[BANK0 ] long 
 Auto vars:     Size  Location     Type
  sign            1   15[BANK0 ] unsigned char 
  exp             1   14[BANK0 ] unsigned char 
 Return value:  Size  Location     Type
                  3    8[BANK0 ] float 
 Registers used:
		wreg, status,2, status,0, pclath, cstack
 Tracked objects:
		On entry : 
		On exit  : 
		Unchanged: 
 Data sizes:     COMMON   BANK0   BANK1   BANK3   BANK2
      Params:         0       4       0       0       0
      Locals:         0       2       0       0       0
      Temps:          0       2       0       0       0
      Totals:         0       8       0       0       0
Total ram usage:        8 bytes
 Hardware stack levels used:    1
 Hardware stack levels required when called:    3
 This function calls:
		___ftpack
 This function is called by:
		_main
		_command
 This function uses a non-reentrant model


 *************** function ___ftpack *****************
 Defined at:
		line 62 in file "C:\Program Files (x86)\Microchip\xc8\v1.35\sources\common\float.c"
 Parameters:    Size  Location     Type
  arg             3    0[BANK0 ] unsigned um
  exp             1    3[BANK0 ] unsigned char 
  sign            1    4[BANK0 ] unsigned char 
 Auto vars:     Size  Location     Type
		None
 Return value:  Size  Location     Type
                  3    0[BANK0 ] float 
 Registers used:
		wreg, status,2, status,0
 Tracked objects:
		On entry : 
		On exit  : 
		Unchanged: 
 Data sizes:     COMMON   BANK0   BANK1   BANK3   BANK2
      Params:         0       5       0       0       0
      Locals:         0       0       0       0       0
      Temps:          0       3       0       0       0
      Totals:         0       8       0       0       0
Total ram usage:        8 bytes
 Hardware stack levels used:    1
 Hardware stack levels required when called:    2
 This function calls:
		Nothing
 This function is called by:
		___altoft
		___ftdiv
 This function uses a non-reentrant model


 *************** function _LED_data_set *****************
 Defined at:
		line 119 in file "OBC1_app.c"
 Parameters:    Size  Location     Type
		None
 Auto vars:     Size  Location     Type
		None
 Return value:  Size  Location     Type
		None               void
 Registers used:
		wreg, fsr0l, fsr0h, status,2, status,0, pclath, cstack
 Tracked objects:
		On entry : 
		On exit  : 
		Unchanged: 
 Data sizes:     COMMON   BANK0   BANK1   BANK3   BANK2
      Params:         0       0       0       0       0
      Locals:         0       0       0       0       0
      Temps:          0       0       0       0       0
      Totals:         0       0       0       0       0
Total ram usage:        0 bytes
 Hardware stack levels used:    1
 Hardware stack levels required when called:    5
 This function calls:
		_sent_data_set
 This function is called by:
		_command
 This function uses a non-reentrant model


 *************** function _sent_data_set *****************
 Defined at:
		line 141 in file "system_protocol.c"
 Parameters:    Size  Location     Type
  p_data          2   20[BANK0 ] PTR void 
		 -> RAM(512), I2CTEMP_data(2), 
  data_len        1   22[BANK0 ] unsigned char 
  byte_of_data    1   23[BANK0 ] unsigned char 
 Auto vars:     Size  Location     Type
		None
 Return value:  Size  Location     Type
                  1    wreg      unsigned char 
 Registers used:
		wreg, fsr0l, fsr0h, status,2, status,0, pclath, cstack
 Tracked objects:
		On entry : 
		On exit  : 
		Unchanged: 
 Data sizes:     COMMON   BANK0   BANK1   BANK3   BANK2
      Params:         0       4       0       0       0
      Locals:         0       0       0       0       0
      Temps:          0       5       0       0       0
      Totals:         0       9       0       0       0
Total ram usage:        9 bytes
 Hardware stack levels used:    1
 Hardware stack levels required when called:    4
 This function calls:
		___wmul
		_double_data_set
		_uint16_data_set
		_uint8_data_set
 This function is called by:
		_command
		_LED_data_set
 This function uses a non-reentrant model


 *************** function _uint8_data_set *****************
 Defined at:
		line 257 in file "system_protocol.c"
 Parameters:    Size  Location     Type
  p_data          2    0[BANK0 ] PTR unsigned char 
		 -> RAM(512), I2CTEMP_data(2), cw(13), 
  data_len        1    2[BANK0 ] unsigned char 
 Auto vars:     Size  Location     Type
		None
 Return value:  Size  Location     Type
		None               void
 Registers used:
		wreg, fsr0l, fsr0h, status,2, status,0
 Tracked objects:
		On entry : 
		On exit  : 
		Unchanged: 
 Data sizes:     COMMON   BANK0   BANK1   BANK3   BANK2
      Params:         0       3       0       0       0
      Locals:         0       0       0       0       0
      Temps:          0       1       0       0       0
      Totals:         0       4       0       0       0
Total ram usage:        4 bytes
 Hardware stack levels used:    1
 Hardware stack levels required when called:    2
 This function calls:
		Nothing
 This function is called by:
		_sent_data_set
		_cw_data_set
 This function uses a non-reentrant model


 *************** function _uint16_data_set *****************
 Defined at:
		line 279 in file "system_protocol.c"
 Parameters:    Size  Location     Type
  p_data          2    6[BANK0 ] PTR unsigned int 
		 -> RAM(512), I2CTEMP_data(2), 
  data_len        1    8[BANK0 ] unsigned char 
 Auto vars:     Size  Location     Type
  buf             3   10[BANK0 ] unsigned char [3]
  i               1   13[BANK0 ] unsigned char 
 Return value:  Size  Location     Type
		None               void
 Registers used:
		wreg, fsr0l, fsr0h, status,2, status,0, pclath, cstack
 Tracked objects:
		On entry : 
		On exit  : 
		Unchanged: 
 Data sizes:     COMMON   BANK0   BANK1   BANK3   BANK2
      Params:         0       3       0       0       0
      Locals:         0       4       0       0       0
      Temps:          0       1       0       0       0
      Totals:         0       8       0       0       0
Total ram usage:        8 bytes
 Hardware stack levels used:    1
 Hardware stack levels required when called:    3
 This function calls:
		_uint16_to_byte_array
 This function is called by:
		_sent_data_set
 This function uses a non-reentrant model


 *************** function _uint16_to_byte_array *****************
 Defined at:
		line 337 in file "system_protocol.c"
 Parameters:    Size  Location     Type
  p_data          2    0[BANK0 ] PTR unsigned int 
		 -> RAM(512), I2CTEMP_data(2), 
  p_data_array    1    2[BANK0 ] PTR unsigned char 
		 -> uint16_data_set@buf(3), 
 Auto vars:     Size  Location     Type
		None
 Return value:  Size  Location     Type
		None               void
 Registers used:
		wreg, fsr0l, fsr0h, status,2, status,0, pclath
 Tracked objects:
		On entry : 
		On exit  : 
		Unchanged: 
 Data sizes:     COMMON   BANK0   BANK1   BANK3   BANK2
      Params:         0       3       0       0       0
      Locals:         0       0       0       0       0
      Temps:          0       3       0       0       0
      Totals:         0       6       0       0       0
Total ram usage:        6 bytes
 Hardware stack levels used:    1
 Hardware stack levels required when called:    2
 This function calls:
		Nothing
 This function is called by:
		_uint16_data_set
 This function uses a non-reentrant model


 *************** function _double_data_set *****************
 Defined at:
		line 308 in file "system_protocol.c"
 Parameters:    Size  Location     Type
  p_data          2   10[BANK0 ] PTR 
		 -> RAM(512), I2CTEMP_data(2), 
  data_len        1   12[BANK0 ] unsigned char 
 Auto vars:     Size  Location     Type
  buf             5   14[BANK0 ] unsigned char [5]
  i               1   19[BANK0 ] unsigned char 
 Return value:  Size  Location     Type
		None               void
 Registers used:
		wreg, fsr0l, fsr0h, status,2, status,0, pclath, cstack
 Tracked objects:
		On entry : 
		On exit  : 
		Unchanged: 
 Data sizes:     COMMON   BANK0   BANK1   BANK3   BANK2
      Params:         0       3       0       0       0
      Locals:         0       6       0       0       0
      Temps:          0       1       0       0       0
      Totals:         0      10       0       0       0
Total ram usage:       10 bytes
 Hardware stack levels used:    1
 Hardware stack levels required when called:    3
 This function calls:
		_double_to_byte_array
 This function is called by:
		_sent_data_set
 This function uses a non-reentrant model


 *************** function _double_to_byte_array *****************
 Defined at:
		line 359 in file "system_protocol.c"
 Parameters:    Size  Location     Type
  p_data          2    0[BANK0 ] PTR 
		 -> RAM(512), I2CTEMP_data(2), 
  p_data_array    1    2[BANK0 ] PTR unsigned char 
		 -> double_data_set@buf(5), 
 Auto vars:     Size  Location     Type
  converter       4    5[BANK0 ] struct .
  i               1    9[BANK0 ] unsigned char 
 Return value:  Size  Location     Type
		None               void
 Registers used:
		wreg, fsr0l, fsr0h, status,2, status,0
 Tracked objects:
		On entry : 
		On exit  : 
		Unchanged: 
 Data sizes:     COMMON   BANK0   BANK1   BANK3   BANK2
      Params:         0       3       0       0       0
      Locals:         0       5       0       0       0
      Temps:          0       2       0       0       0
      Totals:         0      10       0       0       0
Total ram usage:       10 bytes
 Hardware stack levels used:    1
 Hardware stack levels required when called:    2
 This function calls:
		Nothing
 This function is called by:
		_double_data_set
 This function uses a non-reentrant model


 *************** function ___wmul *****************
 Defined at:
		line 15 in file "C:\Program Files (x86)\Microchip\xc8\v1.35\sources\common\Umul16.c"
 Parameters:    Size  Location     Type
  multiplier      2    0[BANK0 ] unsigned int 
  multiplicand    2    2[BANK0 ] unsigned int 
 Auto vars:     Size  Location     Type
  product         2    4[BANK0 ] unsigned int 
 Return value:  Size  Location     Type
                  2    0[BANK0 ] unsigned int 
 Registers used:
		wreg, status,2, status,0
 Tracked objects:
		On entry : 
		On exit  : 
		Unchanged: 
 Data sizes:     COMMON   BANK0   BANK1   BANK3   BANK2
      Params:         0       4       0       0       0
      Locals:         0       2       0       0       0
      Temps:          0       0       0       0       0
      Totals:         0       6       0       0       0
Total ram usage:        6 bytes
 Hardware stack levels used:    1
 Hardware stack levels required when called:    2
 This function calls:
		Nothing
 This function is called by:
		_sent_data_set
 This function uses a non-reentrant model


 *************** function _I2Ctemp_data_set *****************
 Defined at:
		line 125 in file "OBC1_app.c"
 Parameters:    Size  Location     Type
		None
 Auto vars:     Size  Location     Type
		None
 Return value:  Size  Location     Type
		None               void
 Registers used:
		None
 Tracked objects:
		On entry : 
		On exit  : 
		Unchanged: 
 Data sizes:     COMMON   BANK0   BANK1   BANK3   BANK2
      Params:         0       0       0       0       0
      Locals:         0       0       0       0       0
      Temps:          0       0       0       0       0
      Totals:         0       0       0       0       0
Total ram usage:        0 bytes
 Hardware stack levels used:    1
 Hardware stack levels required when called:    2
 This function calls:
		Nothing
 This function is called by:
		_command
 This function uses a non-reentrant model


 *************** function _ad_con_init *****************
 Defined at:
		line 49 in file "AD_value.c"
 Parameters:    Size  Location     Type
		None
 Auto vars:     Size  Location     Type
		None
 Return value:  Size  Location     Type
		None               void
 Registers used:
		wreg
 Tracked objects:
		On entry : 
		On exit  : 
		Unchanged: 
 Data sizes:     COMMON   BANK0   BANK1   BANK3   BANK2
      Params:         0       0       0       0       0
      Locals:         0       0       0       0       0
      Temps:          0       0       0       0       0
      Totals:         0       0       0       0       0
Total ram usage:        0 bytes
 Hardware stack levels used:    1
 Hardware stack levels required when called:    2
 This function calls:
		Nothing
 This function is called by:
		_main
 This function uses a non-reentrant model


 *************** function _MCLR_init *****************
 Defined at:
		line 35 in file "MCLR_reset.c"
 Parameters:    Size  Location     Type
		None
 Auto vars:     Size  Location     Type
  nin             2    0[BANK0 ] PTR unsigned char 
		 -> RAM(512), 
 Return value:  Size  Location     Type
		None               void
 Registers used:
		wreg, fsr0l, fsr0h
 Tracked objects:
		On entry : 
		On exit  : 
		Unchanged: 
 Data sizes:     COMMON   BANK0   BANK1   BANK3   BANK2
      Params:         0       0       0       0       0
      Locals:         0       2       0       0       0
      Temps:          0       0       0       0       0
      Totals:         0       2       0       0       0
Total ram usage:        2 bytes
 Hardware stack levels used:    1
 Hardware stack levels required when called:    2
 This function calls:
		Nothing
 This function is called by:
		_main
 This function uses a non-reentrant model


 *************** function _get_uart *****************
 Defined at:
		line 81 in file "OBC1_main.c"
 Parameters:    Size  Location     Type
		None
 Auto vars:     Size  Location     Type
		None
 Return value:  Size  Location     Type
		None               void
 Registers used:
		wreg, fsr0l, fsr0h, status,2, status,0, btemp+1, pclath, cstack
 Tracked objects:
		On entry : 
		On exit  : 
		Unchanged: 
 Data sizes:     COMMON   BANK0   BANK1   BANK3   BANK2
      Params:         0       0       0       0       0
      Locals:         0       0       0       0       0
      Temps:          7       0       0       0       0
      Totals:         7       0       0       0       0
Total ram usage:        7 bytes
 Hardware stack levels used:    1
 Hardware stack levels required when called:    1
 This function calls:
		_getch
 This function is called by:
		Interrupt level 1
 This function uses a non-reentrant model


 *************** function _getch *****************
 Defined at:
		line 90 in file "uart_serial.c"
 Parameters:    Size  Location     Type
		None
 Auto vars:     Size  Location     Type
  count           2    0[COMMON] int 
 Return value:  Size  Location     Type
                  1    wreg      unsigned char 
 Registers used:
		wreg, status,2, btemp+1
 Tracked objects:
		On entry : 
		On exit  : 
		Unchanged: 
 Data sizes:     COMMON   BANK0   BANK1   BANK3   BANK2
      Params:         0       0       0       0       0
      Locals:         2       0       0       0       0
      Temps:          0       0       0       0       0
      Totals:         2       0       0       0       0
Total ram usage:        2 bytes
 Hardware stack levels used:    1
 This function calls:
		Nothing
 This function is called by:
		_get_uart
 This function uses a non-reentrant model



MODULE INFORMATION

Module		Function		Class		Link	Load	Size
MCLR_reset.c
		_MCLR_init     		CODE           	0F14	0000	21

MCLR_reset.c estimated size: 21

system_protocol.c
		_sysprot_init  		CODE           	0EDA	0000	6
		_packet_send_master		CODE           	0066	0000	49
		_uint16_data_set		CODE           	010A	0000	60
		_double_data_set		CODE           	00CF	0000	60
		_send_data_master		CODE           	0F28	0000	29
		_send_payload  		CODE           	01CF	0000	73
		_uint8_data_set		CODE           	0FA8	0000	44
		_cw_data_set   		CODE           	046A	0000	141
		_sent_data_set 		CODE           	0312	0000	100
		_get_cw_data   		CODE           	03E3	0000	136
		_uint16_to_byte_array		CODE           	0037	0000	48
		_double_to_byte_array		CODE           	0FD3	0000	46

system_protocol.c estimated size: 792

OBC1_main.c
		_main          		CODE           	05AE	0000	202
		_get_uart      		CODE           	0187	0000	73

OBC1_main.c estimated size: 275

C:\Program Files (x86)\Microchip\xc8\v1.35\sources\common\ftge.c
		___ftge        		CODE           	02B3	0000	96

C:\Program Files (x86)\Microchip\xc8\v1.35\sources\common\ftge.c estimated size: 96

C:\Program Files (x86)\Microchip\xc8\v1.35\sources\common\altoft.c
		___altoft      		CODE           	0145	0000	67

C:\Program Files (x86)\Microchip\xc8\v1.35\sources\common\altoft.c estimated size: 67

spi_master.c
		_spi_master_receive		CODE           	0217	0000	77
		_spi_master_send		CODE           	0263	0000	81
		_spi_master_start		CODE           	0F44	0000	30

spi_master.c estimated size: 188

C:\Program Files (x86)\Microchip\xc8\v1.35\sources\common\float.c
		___ftpack      		CODE           	0375	0000	111

C:\Program Files (x86)\Microchip\xc8\v1.35\sources\common\float.c estimated size: 111

AD_value.c
		_ad_con_init   		CODE           	0EEF	0000	12
		_bit_shift     		CODE           	0096	0000	58
		_get_adcon     		CODE           	0F84	0000	37

AD_value.c estimated size: 107

shared
		__stringtab    		STRING         	0800	0000	7
		__initialization		CODE           	07E9	0000	20
		uint16_to_byte_array@bit_mask		STRING         	0806	0000	3
		bit_shift@bit_mask_for_l		STRING         	0808	0000	2

shared estimated size: 32

OBC1_app.c
		_I2Ctemp_data_set		CODE           	0017	0000	2
		_command       		CODE           	0677	0000	371
		_LED_data_set  		CODE           	0F06	0000	15

OBC1_app.c estimated size: 388

uart_serial.c
		_putch         		CODE           	0EDF	0000	9
		_uart_init     		CODE           	0EFA	0000	13
		_getch         		CODE           	0018	0000	32

uart_serial.c estimated size: 54

C:\Program Files (x86)\Microchip\xc8\v1.35\sources\common\ftdiv.c
		___ftdiv       		CODE           	04F6	0000	185

C:\Program Files (x86)\Microchip\xc8\v1.35\sources\common\ftdiv.c estimated size: 185

C:\Program Files (x86)\Microchip\xc8\v1.35\sources\common\Umul16.c
		___wmul        		CODE           	0F61	0000	36

C:\Program Files (x86)\Microchip\xc8\v1.35\sources\common\Umul16.c estimated size: 36

